{"step": 0, "dev_h1": 4.644038805340949, "dev_mean_h": 4.609987902453954}
{"step": 1, "seen_response_bytes": 840, "seconds": 0.7785007930360734, "spike_rate": [0.14603890478610992, 0.1397033929824829, 0.1422642171382904], "teacher_difference_rate": [0.08761213719844818, 0.10032383352518082, 0.11760760843753815], "response_bytes_per_second": 1078.9969740738297}
{"step": 2, "seen_response_bytes": 1837, "seconds": 0.7464766670018435, "spike_rate": [0.145870178937912, 0.1395145058631897, 0.14207401871681213], "teacher_difference_rate": [0.09627444297075272, 0.10987618565559387, 0.1286890208721161], "response_bytes_per_second": 1335.607721008027}
{"step": 3, "seen_response_bytes": 2861, "seconds": 0.7268000668846071, "spike_rate": [0.14588555693626404, 0.13958260416984558, 0.14208167791366577], "teacher_difference_rate": [0.09757695347070694, 0.11171644181013107, 0.13043837249279022], "response_bytes_per_second": 1408.9156656098367}
{"step": 4, "seen_response_bytes": 3857, "seconds": 0.7101916717365384, "spike_rate": [0.14576657116413116, 0.13958166539669037, 0.14208301901817322], "teacher_difference_rate": [0.09601110219955444, 0.11020098626613617, 0.12792333960533142], "response_bytes_per_second": 1402.4382988955813}
{"step": 5, "seen_response_bytes": 4801, "seconds": 0.7513098688796163, "spike_rate": [0.14590153098106384, 0.13952985405921936, 0.14212486147880554], "teacher_difference_rate": [0.09376800060272217, 0.10674548149108887, 0.12452422082424164], "response_bytes_per_second": 1256.4722481387487}
{"step": 6, "seen_response_bytes": 5726, "seconds": 0.7449540751986206, "spike_rate": [0.14598625898361206, 0.13960447907447815, 0.14210930466651917], "teacher_difference_rate": [0.09245667606592178, 0.10591080784797668, 0.12328231334686279], "response_bytes_per_second": 1241.687280861408}
{"step": 7, "seen_response_bytes": 6641, "seconds": 0.7299623023718596, "spike_rate": [0.14580488204956055, 0.1396636664867401, 0.14218607544898987], "teacher_difference_rate": [0.09204621613025665, 0.10535752773284912, 0.1226690411567688], "response_bytes_per_second": 1253.4893884614305}
{"step": 8, "seen_response_bytes": 7540, "seconds": 0.7096055960282683, "spike_rate": [0.14592671394348145, 0.13967353105545044, 0.14207576215267181], "teacher_difference_rate": [0.09097342938184738, 0.10437849909067154, 0.12159048020839691], "response_bytes_per_second": 1266.9009447385852}
{"step": 9, "seen_response_bytes": 8558, "seconds": 0.7399594336748123, "spike_rate": [0.1457044780254364, 0.13957132399082184, 0.14204838871955872], "teacher_difference_rate": [0.09752514958381653, 0.11143514513969421, 0.1293048858642578], "response_bytes_per_second": 1375.751093467885}
{"step": 10, "seen_response_bytes": 9490, "seconds": 0.7505399831570685, "spike_rate": [0.14589641988277435, 0.1396358609199524, 0.14210999011993408], "teacher_difference_rate": [0.09262141585350037, 0.10618406534194946, 0.12380195409059525], "response_bytes_per_second": 1241.7726182683018}
{"step": 11, "seen_response_bytes": 10393, "seconds": 0.7106362981721759, "spike_rate": [0.14570149779319763, 0.139583021402359, 0.1420997977256775], "teacher_difference_rate": [0.09162262082099915, 0.1046219915151596, 0.12141722440719604], "response_bytes_per_second": 1270.6921984179555}
{"step": 12, "seen_response_bytes": 11292, "seconds": 0.71928541501984, "spike_rate": [0.14598917961120605, 0.13966432213783264, 0.14215053617954254], "teacher_difference_rate": [0.09127402305603027, 0.10412962734699249, 0.12192077934741974], "response_bytes_per_second": 1249.8515627140903}
{"step": 13, "seen_response_bytes": 12187, "seconds": 0.7355830357410014, "spike_rate": [0.14591577649116516, 0.13964226841926575, 0.14225175976753235], "teacher_difference_rate": [0.09112565219402313, 0.10424380749464035, 0.12124821543693542], "response_bytes_per_second": 1216.7219151518461}
{"step": 14, "seen_response_bytes": 13182, "seconds": 0.7255565649829805, "spike_rate": [0.14595001935958862, 0.13967671990394592, 0.14206814765930176], "teacher_difference_rate": [0.09636229276657104, 0.10991813242435455, 0.12779170274734497], "response_bytes_per_second": 1371.3610323729065}
{"step": 15, "seen_response_bytes": 14029, "seconds": 0.7213522340171039, "spike_rate": [0.1461232304573059, 0.1398126780986786, 0.14219330251216888], "teacher_difference_rate": [0.08848340809345245, 0.10120925307273865, 0.11773185431957245], "response_bytes_per_second": 1174.1836512838981}
{"step": 16, "seen_response_bytes": 15024, "seconds": 0.7394682299345732, "spike_rate": [0.14590710401535034, 0.13954263925552368, 0.14203548431396484], "teacher_difference_rate": [0.09626039117574692, 0.11018677055835724, 0.12804961204528809], "response_bytes_per_second": 1345.5615261362018}
{"step": 17, "seen_response_bytes": 15861, "seconds": 0.7381941648200154, "spike_rate": [0.1461128145456314, 0.1396738439798355, 0.14217214286327362], "teacher_difference_rate": [0.08724011480808258, 0.10016566514968872, 0.11666666716337204], "response_bytes_per_second": 1133.8480306249442}
{"step": 18, "seen_response_bytes": 16779, "seconds": 0.7256475300528109, "spike_rate": [0.14610055088996887, 0.13968899846076965, 0.14208528399467468], "teacher_difference_rate": [0.09227553009986877, 0.10565179586410522, 0.12283240258693695], "response_bytes_per_second": 1265.076999480988}
{"step": 19, "seen_response_bytes": 17801, "seconds": 0.7135583320632577, "spike_rate": [0.14601342380046844, 0.13963064551353455, 0.14199653267860413], "teacher_difference_rate": [0.09752491861581802, 0.11177937686443329, 0.12966442108154297], "response_bytes_per_second": 1432.2585191386968}
{"step": 20, "seen_response_bytes": 18825, "seconds": 0.7721252450719476, "spike_rate": [0.14594322443008423, 0.13957729935646057, 0.14206388592720032], "teacher_difference_rate": [0.09768220782279968, 0.11167270690202713, 0.1293046623468399], "response_bytes_per_second": 1326.2097134313778}
{"step": 21, "seen_response_bytes": 19788, "seconds": 0.7632213509641588, "spike_rate": [0.1459844410419464, 0.13963258266448975, 0.14211386442184448], "teacher_difference_rate": [0.09446743130683899, 0.10818836092948914, 0.1259012520313263], "response_bytes_per_second": 1261.7571544394896}
{"step": 22, "seen_response_bytes": 20641, "seconds": 0.7331663342192769, "spike_rate": [0.1461564004421234, 0.13978277146816254, 0.14217878878116608], "teacher_difference_rate": [0.08846628665924072, 0.10126444697380066, 0.11787545680999756], "response_bytes_per_second": 1163.4467653350855}
{"step": 23, "seen_response_bytes": 21469, "seconds": 0.721315287053585, "spike_rate": [0.14620459079742432, 0.13976438343524933, 0.1422419548034668], "teacher_difference_rate": [0.08725926280021667, 0.09977160394191742, 0.1158231794834137], "response_bytes_per_second": 1147.9030250172552}
{"step": 24, "seen_response_bytes": 22464, "seconds": 0.746808486059308, "spike_rate": [0.14587347209453583, 0.1395689696073532, 0.14207351207733154], "teacher_difference_rate": [0.09597810357809067, 0.10994251072406769, 0.1275957077741623], "response_bytes_per_second": 1332.3362261860823}
{"step": 25, "seen_response_bytes": 23276, "seconds": 0.7369490140117705, "spike_rate": [0.14619410037994385, 0.13973429799079895, 0.14221486449241638], "teacher_difference_rate": [0.08592355251312256, 0.09861457347869873, 0.11466668546199799], "response_bytes_per_second": 1101.8401335252086}
{"step": 26, "seen_response_bytes": 24227, "seconds": 0.7225573281757534, "spike_rate": [0.14602825045585632, 0.13971374928951263, 0.14211003482341766], "teacher_difference_rate": [0.09396685659885406, 0.10750114172697067, 0.12431307137012482], "response_bytes_per_second": 1316.1585426044987}
{"step": 27, "seen_response_bytes": 25002, "seconds": 0.7266537570394576, "spike_rate": [0.14607909321784973, 0.13977113366127014, 0.14227139949798584], "teacher_difference_rate": [0.0838124006986618, 0.09612979739904404, 0.11112164705991745], "response_bytes_per_second": 1066.532708999559}
{"step": 28, "seen_response_bytes": 25910, "seconds": 0.7259870995767415, "spike_rate": [0.14603126049041748, 0.1396097093820572, 0.1421234905719757], "teacher_difference_rate": [0.09157311916351318, 0.10471390187740326, 0.12168346345424652], "response_bytes_per_second": 1250.7109293393423}
{"step": 29, "seen_response_bytes": 26880, "seconds": 0.7396944612264633, "spike_rate": [0.1460084468126297, 0.1396864652633667, 0.14208489656448364], "teacher_difference_rate": [0.09494428336620331, 0.10867244750261307, 0.12610690295696259], "response_bytes_per_second": 1311.3522553510466}
{"step": 30, "seen_response_bytes": 27801, "seconds": 0.7252142140641809, "spike_rate": [0.146080881357193, 0.13967424631118774, 0.14214730262756348], "teacher_difference_rate": [0.0924985408782959, 0.10576692968606949, 0.12229812145233154], "response_bytes_per_second": 1269.9695926236939}
{"step": 31, "seen_response_bytes": 28805, "seconds": 0.7328078881837428, "spike_rate": [0.14605093002319336, 0.13968385756015778, 0.14207430183887482], "teacher_difference_rate": [0.09625741839408875, 0.11063501238822937, 0.12812674045562744], "response_bytes_per_second": 1370.072588176424}
{"step": 32, "seen_response_bytes": 29771, "seconds": 0.733389746863395, "spike_rate": [0.14596246182918549, 0.1396489441394806, 0.14206759631633759], "teacher_difference_rate": [0.09449702501296997, 0.1081881895661354, 0.12532255053520203], "response_bytes_per_second": 1317.1714005158192}
{"step": 33, "seen_response_bytes": 30718, "seconds": 0.7199206799268723, "spike_rate": [0.14594340324401855, 0.1396254599094391, 0.14212356507778168], "teacher_difference_rate": [0.09378296881914139, 0.10724005103111267, 0.12439507991075516], "response_bytes_per_second": 1315.422693644797}
{"step": 34, "seen_response_bytes": 31742, "seconds": 0.7095314851030707, "spike_rate": [0.1459927260875702, 0.1395604908466339, 0.1420586109161377], "teacher_difference_rate": [0.09755628556013107, 0.11204084008932114, 0.13035714626312256], "response_bytes_per_second": 1443.2058640093296}
{"step": 35, "seen_response_bytes": 32733, "seconds": 0.7423724830150604, "spike_rate": [0.14601197838783264, 0.13960301876068115, 0.14214137196540833], "teacher_difference_rate": [0.09591221809387207, 0.10968717932701111, 0.12739378213882446], "response_bytes_per_second": 1334.9093920819473}
{"step": 36, "seen_response_bytes": 33682, "seconds": 0.7268825308419764, "spike_rate": [0.14623187482357025, 0.13963547348976135, 0.1421400010585785], "teacher_difference_rate": [0.09391118586063385, 0.10751119256019592, 0.12477195262908936], "response_bytes_per_second": 1305.575467470289}
{"step": 37, "seen_response_bytes": 34635, "seconds": 0.7191219180822372, "spike_rate": [0.14596498012542725, 0.13966837525367737, 0.14210353791713715], "teacher_difference_rate": [0.0939980000257492, 0.1078302338719368, 0.12466783821582794], "response_bytes_per_second": 1325.2273029606322}
{"step": 38, "seen_response_bytes": 35627, "seconds": 0.7267021532170475, "spike_rate": [0.14600537717342377, 0.13959425687789917, 0.14210548996925354], "teacher_difference_rate": [0.09629492461681366, 0.11017041653394699, 0.12723389267921448], "response_bytes_per_second": 1365.070951845267}
{"step": 39, "seen_response_bytes": 36589, "seconds": 0.7428892268799245, "spike_rate": [0.14589150249958038, 0.13951706886291504, 0.1420908421278], "teacher_difference_rate": [0.09418276697397232, 0.10789727419614792, 0.12553587555885315], "response_bytes_per_second": 1294.9440713258466}
{"step": 40, "seen_response_bytes": 37507, "dev_h1": 4.617766380754199, "dev_mean_h": 4.55687343450593, "seconds": 0.6955249230377376, "spike_rate": [0.1461639404296875, 0.13966111838817596, 0.1421050727367401], "teacher_difference_rate": [0.0923231914639473, 0.10555495321750641, 0.12208552658557892], "response_bytes_per_second": 1319.8664341036006}
{"step": 41, "seen_response_bytes": 38498, "seconds": 0.7516148150898516, "spike_rate": [0.1459943950176239, 0.13963867723941803, 0.14207690954208374], "teacher_difference_rate": [0.09589853882789612, 0.10976338386535645, 0.12706157565116882], "response_bytes_per_second": 1318.49450024682}
{"step": 42, "seen_response_bytes": 39425, "seconds": 0.7412169040180743, "spike_rate": [0.14613816142082214, 0.13962623476982117, 0.14209866523742676], "teacher_difference_rate": [0.09287992119789124, 0.1062343493103981, 0.12274658679962158], "response_bytes_per_second": 1250.6460591694702}
{"step": 43, "seen_response_bytes": 40391, "seconds": 0.7352878930978477, "spike_rate": [0.14604409039020538, 0.13962271809577942, 0.1420309841632843], "teacher_difference_rate": [0.09447228908538818, 0.10811497271060944, 0.12532749772071838], "response_bytes_per_second": 1313.771121580878}
{"step": 44, "seen_response_bytes": 41317, "seconds": 0.7458814373239875, "spike_rate": [0.1459673047065735, 0.13964541256427765, 0.1421443670988083], "teacher_difference_rate": [0.09287190437316895, 0.10558236390352249, 0.1227908656001091], "response_bytes_per_second": 1241.4841738416594}
{"step": 45, "seen_response_bytes": 42161, "seconds": 0.798860230948776, "spike_rate": [0.14593809843063354, 0.13968217372894287, 0.14217211306095123], "teacher_difference_rate": [0.08827344328165054, 0.10070616006851196, 0.11760459095239639], "response_bytes_per_second": 1056.5052149330468}
{"step": 46, "seen_response_bytes": 43129, "seconds": 1.017660410143435, "spike_rate": [0.14596496522426605, 0.13966821134090424, 0.1420765221118927], "teacher_difference_rate": [0.09442608058452606, 0.10823238641023636, 0.12546752393245697], "response_bytes_per_second": 951.2013932659171}
{"step": 47, "seen_response_bytes": 44137, "seconds": 1.2999987942166626, "spike_rate": [0.1460120975971222, 0.13956318795681, 0.1420598328113556], "teacher_difference_rate": [0.0968148410320282, 0.1104663759469986, 0.1279703825712204], "response_bytes_per_second": 775.3853345743972}
{"step": 48, "seen_response_bytes": 45099, "seconds": 1.2745297262445092, "spike_rate": [0.146039217710495, 0.1396375298500061, 0.14205366373062134], "teacher_difference_rate": [0.09433048963546753, 0.10810497403144836, 0.12483840435743332], "response_bytes_per_second": 754.788201633084}
{"step": 49, "seen_response_bytes": 46016, "seconds": 1.2887395238503814, "spike_rate": [0.14623324573040009, 0.13972046971321106, 0.1421337127685547], "teacher_difference_rate": [0.09206473082304001, 0.105629563331604, 0.12184962630271912], "response_bytes_per_second": 711.5479761653223}
{"step": 50, "seen_response_bytes": 46865, "seconds": 1.2748003066517413, "spike_rate": [0.14608681201934814, 0.13972941040992737, 0.1421758234500885], "teacher_difference_rate": [0.08805101364850998, 0.10115493834018707, 0.11695978790521622], "response_bytes_per_second": 665.9866612598295}
{"step": 51, "seen_response_bytes": 47830, "seconds": 1.293253879994154, "spike_rate": [0.1460082232952118, 0.1395687609910965, 0.1420896053314209], "teacher_difference_rate": [0.09452759474515915, 0.10811828821897507, 0.12483220547437668], "response_bytes_per_second": 746.1798606816182}
{"step": 52, "seen_response_bytes": 48697, "seconds": 1.3023689682595432, "spike_rate": [0.1459854245185852, 0.13963021337985992, 0.14214374125003815], "teacher_difference_rate": [0.0894661471247673, 0.10228750109672546, 0.11824218928813934], "response_bytes_per_second": 665.7099647871981}
{"step": 53, "seen_response_bytes": 49655, "seconds": 1.3049777946434915, "spike_rate": [0.14614412188529968, 0.1396206170320511, 0.14205259084701538], "teacher_difference_rate": [0.09439674019813538, 0.10788582265377045, 0.1250099390745163], "response_bytes_per_second": 734.112108215387}
{"step": 54, "seen_response_bytes": 50490, "seconds": 1.3399236369878054, "spike_rate": [0.1462024748325348, 0.1397300362586975, 0.14214998483657837], "teacher_difference_rate": [0.08715303242206573, 0.09999830275774002, 0.115702785551548], "response_bytes_per_second": 623.169841138939}
{"step": 55, "seen_response_bytes": 51496, "seconds": 1.29748220089823, "spike_rate": [0.14603586494922638, 0.13956212997436523, 0.14204862713813782], "teacher_difference_rate": [0.09654973447322845, 0.11077826470136642, 0.12748552858829498], "response_bytes_per_second": 775.3478231173879}
{"step": 56, "seen_response_bytes": 52448, "seconds": 1.3003495163284242, "spike_rate": [0.14600613713264465, 0.13961732387542725, 0.14207428693771362], "teacher_difference_rate": [0.09440790116786957, 0.10814401507377625, 0.12520825862884521], "response_bytes_per_second": 732.1108579237992}
{"step": 57, "seen_response_bytes": 53472, "seconds": 1.3071954152546823, "spike_rate": [0.14582020044326782, 0.13957250118255615, 0.1419956386089325], "teacher_difference_rate": [0.09767162799835205, 0.11174046993255615, 0.12870968878269196], "response_bytes_per_second": 783.3564806379718}
{"step": 58, "seen_response_bytes": 54376, "seconds": 1.3086108402349055, "spike_rate": [0.14602980017662048, 0.1396954208612442, 0.14211589097976685], "teacher_difference_rate": [0.09151799976825714, 0.10455143451690674, 0.12069842219352722], "response_bytes_per_second": 690.8088884833976}
{"step": 59, "seen_response_bytes": 55234, "seconds": 1.281562868040055, "spike_rate": [0.14607354998588562, 0.13972850143909454, 0.14218507707118988], "teacher_difference_rate": [0.08823026716709137, 0.10158237814903259, 0.11745597422122955], "response_bytes_per_second": 669.4950527961016}
{"step": 60, "seen_response_bytes": 56258, "seconds": 1.27561569865793, "spike_rate": [0.1459076702594757, 0.13957297801971436, 0.14205476641654968], "teacher_difference_rate": [0.09740489721298218, 0.11176161468029022, 0.12889279425144196], "response_bytes_per_second": 802.7496063879946}
{"step": 61, "seen_response_bytes": 57120, "seconds": 1.2967329788953066, "spike_rate": [0.1461000144481659, 0.13972991704940796, 0.14220473170280457], "teacher_difference_rate": [0.08868440985679626, 0.1018935963511467, 0.11780843138694763], "response_bytes_per_second": 664.7474954591979}
{"step": 62, "seen_response_bytes": 58088, "seconds": 1.2899080631323159, "spike_rate": [0.14601241052150726, 0.13971418142318726, 0.14210763573646545], "teacher_difference_rate": [0.0948614850640297, 0.10841227322816849, 0.12532025575637817], "response_bytes_per_second": 750.441080001765}
{"step": 63, "seen_response_bytes": 59008, "seconds": 1.2857116521336138, "spike_rate": [0.146029531955719, 0.13974012434482574, 0.14213240146636963], "teacher_difference_rate": [0.09209419786930084, 0.10558828711509705, 0.12207133322954178], "response_bytes_per_second": 715.5570212599985}
{"step": 64, "seen_response_bytes": 59958, "seconds": 1.304532284848392, "spike_rate": [0.14627191424369812, 0.1396474391222, 0.14209134876728058], "teacher_difference_rate": [0.09345623850822449, 0.10709819197654724, 0.1242423951625824], "response_bytes_per_second": 728.2303481744842}
{"step": 65, "seen_response_bytes": 60887, "seconds": 1.2905980567447841, "spike_rate": [0.14605331420898438, 0.13979464769363403, 0.14211933314800262], "teacher_difference_rate": [0.09306635707616806, 0.10624314844608307, 0.12266622483730316], "response_bytes_per_second": 719.8213224829842}
{"step": 66, "seen_response_bytes": 61833, "seconds": 1.309305349830538, "spike_rate": [0.14582866430282593, 0.13965344429016113, 0.14209184050559998], "teacher_difference_rate": [0.09347212314605713, 0.10736290365457535, 0.12319730222225189], "response_bytes_per_second": 722.5205335962613}
{"step": 67, "seen_response_bytes": 62681, "seconds": 1.286313490010798, "spike_rate": [0.14600083231925964, 0.13975629210472107, 0.14217087626457214], "teacher_difference_rate": [0.08807530999183655, 0.1007537841796875, 0.11671973764896393], "response_bytes_per_second": 659.2483143381179}
{"step": 68, "seen_response_bytes": 63640, "seconds": 1.2978607509285212, "spike_rate": [0.1459873914718628, 0.1396797001361847, 0.14210548996925354], "teacher_difference_rate": [0.09415461868047714, 0.10800324380397797, 0.1245611160993576], "response_bytes_per_second": 738.90823750846}
{"step": 69, "seen_response_bytes": 64664, "seconds": 1.3100434206426144, "spike_rate": [0.14594754576683044, 0.13957874476909637, 0.14210233092308044], "teacher_difference_rate": [0.09782397747039795, 0.11170874536037445, 0.12874428927898407], "response_bytes_per_second": 781.653480995079}
{"step": 70, "seen_response_bytes": 65633, "seconds": 1.2918512453325093, "spike_rate": [0.14606055617332458, 0.1397101879119873, 0.14208564162254333], "teacher_difference_rate": [0.09453441202640533, 0.1085485965013504, 0.125100776553154], "response_bytes_per_second": 750.0863613368963}
{"step": 71, "seen_response_bytes": 66651, "seconds": 1.3085801349952817, "spike_rate": [0.14598789811134338, 0.13966146111488342, 0.14211058616638184], "teacher_difference_rate": [0.09733089804649353, 0.11150888353586197, 0.1286623626947403], "response_bytes_per_second": 777.9424223061973}
{"step": 72, "seen_response_bytes": 67578, "seconds": 1.2925824117846787, "spike_rate": [0.1461053490638733, 0.13976198434829712, 0.14212340116500854], "teacher_difference_rate": [0.09252361208200455, 0.10587702691555023, 0.12231406569480896], "response_bytes_per_second": 717.1689723985056}
{"step": 73, "seen_response_bytes": 68486, "seconds": 1.2973241829313338, "spike_rate": [0.14604248106479645, 0.13969381153583527, 0.14213570952415466], "teacher_difference_rate": [0.09165365248918533, 0.10494683682918549, 0.12054277956485748], "response_bytes_per_second": 699.9021616542699}
{"step": 74, "seen_response_bytes": 69510, "seconds": 1.2900652759708464, "spike_rate": [0.14595668017864227, 0.13962440192699432, 0.14207926392555237], "teacher_difference_rate": [0.09728042781352997, 0.11157466471195221, 0.12850543856620789], "response_bytes_per_second": 793.7582842305267}
{"step": 75, "seen_response_bytes": 70490, "seconds": 1.3047520532272756, "spike_rate": [0.14617784321308136, 0.13962042331695557, 0.1421271711587906], "teacher_difference_rate": [0.0952148362994194, 0.10948355495929718, 0.12618973851203918], "response_bytes_per_second": 751.100561655367}
{"step": 76, "seen_response_bytes": 71395, "seconds": 1.2907744920812547, "spike_rate": [0.1458871066570282, 0.13959890604019165, 0.14218708872795105], "teacher_difference_rate": [0.09131038188934326, 0.10463358461856842, 0.1202264279127121], "response_bytes_per_second": 701.1294424797402}
{"step": 77, "seen_response_bytes": 72414, "seconds": 1.3174804509617388, "spike_rate": [0.14591491222381592, 0.13962481915950775, 0.14207321405410767], "teacher_difference_rate": [0.09699669480323792, 0.11164802312850952, 0.12883397936820984], "response_bytes_per_second": 773.4460114805855}
{"step": 78, "seen_response_bytes": 73430, "seconds": 1.2935864189639688, "spike_rate": [0.14601394534111023, 0.13964121043682098, 0.14211927354335785], "teacher_difference_rate": [0.09734746068716049, 0.11129580438137054, 0.1282379925251007], "response_bytes_per_second": 785.413316888185}
{"step": 79, "seen_response_bytes": 74394, "seconds": 1.311683313921094, "spike_rate": [0.14605799317359924, 0.13964545726776123, 0.14208438992500305], "teacher_difference_rate": [0.09444329887628555, 0.10784576833248138, 0.12454390525817871], "response_bytes_per_second": 734.9334932974459}
{"step": 80, "seen_response_bytes": 75322, "dev_h1": 4.6122823385373675, "dev_mean_h": 4.558454788494774, "seconds": 1.2932119043543935, "spike_rate": [0.14614035189151764, 0.13968223333358765, 0.14211051166057587], "teacher_difference_rate": [0.09241983294487, 0.10595753788948059, 0.12224937230348587], "response_bytes_per_second": 717.5931468580803}
{"step": 81, "seen_response_bytes": 76328, "seconds": 1.3448743871413171, "spike_rate": [0.14580941200256348, 0.13954709470272064, 0.1420723795890808], "teacher_difference_rate": [0.09656913578510284, 0.11079280823469162, 0.12764699757099152], "response_bytes_per_second": 748.0252502528261}
{"step": 82, "seen_response_bytes": 77293, "seconds": 1.4101591352373362, "spike_rate": [0.14606861770153046, 0.13962864875793457, 0.1420896053314209], "teacher_difference_rate": [0.0947141945362091, 0.10831379890441895, 0.12474113702774048], "response_bytes_per_second": 684.3199294933378}
{"step": 83, "seen_response_bytes": 78148, "seconds": 1.494238656014204, "spike_rate": [0.14615309238433838, 0.139680415391922, 0.14220908284187317], "teacher_difference_rate": [0.0884074717760086, 0.10163221508264542, 0.1180429682135582], "response_bytes_per_second": 572.1977520516458}
{"step": 84, "seen_response_bytes": 79122, "seconds": 1.31022007483989, "spike_rate": [0.14607885479927063, 0.13965091109275818, 0.14206914603710175], "teacher_difference_rate": [0.09490246325731277, 0.10868421196937561, 0.12493151426315308], "response_bytes_per_second": 743.3865643670767}
{"step": 85, "seen_response_bytes": 80003, "seconds": 1.306957472115755, "spike_rate": [0.14607596397399902, 0.1396872103214264, 0.142085462808609], "teacher_difference_rate": [0.08966177701950073, 0.1031118780374527, 0.11883457750082016], "response_bytes_per_second": 674.0846728346883}
{"step": 86, "seen_response_bytes": 80838, "seconds": 1.335741669870913, "spike_rate": [0.14610549807548523, 0.13977456092834473, 0.14218707382678986], "teacher_difference_rate": [0.08716416358947754, 0.10007725656032562, 0.11534988135099411], "response_bytes_per_second": 625.1208739192025}
{"step": 87, "seen_response_bytes": 81740, "seconds": 1.1692066760733724, "spike_rate": [0.1459955871105194, 0.1396806538105011, 0.14213943481445312], "teacher_difference_rate": [0.09094506502151489, 0.10427948832511902, 0.1200297549366951], "response_bytes_per_second": 771.463265185287}
{"step": 88, "seen_response_bytes": 82442, "seconds": 1.3344052457250655, "spike_rate": [0.14642611145973206, 0.13993340730667114, 0.14236053824424744], "teacher_difference_rate": [0.07866524904966354, 0.09033145010471344, 0.10471604764461517], "response_bytes_per_second": 526.0770686033685}
{"step": 89, "seen_response_bytes": 83328, "seconds": 1.3041568798944354, "spike_rate": [0.14604094624519348, 0.13978919386863708, 0.14208470284938812], "teacher_difference_rate": [0.0903361588716507, 0.10325628519058228, 0.11903286725282669], "response_bytes_per_second": 679.36612048676}
{"step": 90, "seen_response_bytes": 84289, "seconds": 1.2777679963037372, "spike_rate": [0.14604493975639343, 0.13973969221115112, 0.14209356904029846], "teacher_difference_rate": [0.0946948230266571, 0.10803687572479248, 0.12438599765300751], "response_bytes_per_second": 752.0927138415834}
{"step": 91, "seen_response_bytes": 85257, "seconds": 1.2908428781665862, "spike_rate": [0.1461043357849121, 0.13970479369163513, 0.14205871522426605], "teacher_difference_rate": [0.09458719193935394, 0.10873351991176605, 0.12465503811836243], "response_bytes_per_second": 749.8976183490842}
{"step": 92, "seen_response_bytes": 86236, "seconds": 1.3011953411623836, "spike_rate": [0.145982563495636, 0.1396489143371582, 0.14212989807128906], "teacher_difference_rate": [0.0953330397605896, 0.10929734259843826, 0.1251705437898636], "response_bytes_per_second": 752.385110083041}
{"step": 93, "seen_response_bytes": 87198, "seconds": 1.2908851839601994, "spike_rate": [0.1460288166999817, 0.13970594108104706, 0.14207646250724792], "teacher_difference_rate": [0.09418275952339172, 0.10832805186510086, 0.12386530637741089], "response_bytes_per_second": 745.2250687770388}
{"step": 94, "seen_response_bytes": 88116, "seconds": 1.279012506827712, "spike_rate": [0.1461046040058136, 0.13962006568908691, 0.14217959344387054], "teacher_difference_rate": [0.09195862710475922, 0.1055879071354866, 0.12107296288013458], "response_bytes_per_second": 717.741222309766}
{"step": 95, "seen_response_bytes": 89059, "seconds": 1.2952089724130929, "spike_rate": [0.14590924978256226, 0.13974805176258087, 0.14209210872650146], "teacher_difference_rate": [0.09361185133457184, 0.10688179731369019, 0.12278959900140762], "response_bytes_per_second": 728.067840854364}
{"step": 96, "seen_response_bytes": 89955, "seconds": 1.2880500061437488, "spike_rate": [0.14608123898506165, 0.13976846635341644, 0.1421334445476532], "teacher_difference_rate": [0.09086083620786667, 0.10434499382972717, 0.11947812139987946], "response_bytes_per_second": 695.6251665123666}
{"step": 97, "seen_response_bytes": 90862, "seconds": 1.286660946905613, "spike_rate": [0.14574137330055237, 0.1397356390953064, 0.1421385407447815], "teacher_difference_rate": [0.09135168790817261, 0.10480019450187683, 0.12027323246002197], "response_bytes_per_second": 704.9254134753309}
{"step": 98, "seen_response_bytes": 91776, "seconds": 1.2991575878113508, "spike_rate": [0.14612719416618347, 0.1397515833377838, 0.14209136366844177], "teacher_difference_rate": [0.09166324138641357, 0.10530616343021393, 0.12065069377422333], "response_bytes_per_second": 703.5328189398382}
{"step": 99, "seen_response_bytes": 92800, "seconds": 1.290759701281786, "spike_rate": [0.14606145024299622, 0.13970033824443817, 0.14201822876930237], "teacher_difference_rate": [0.09727321565151215, 0.11168617010116577, 0.12805800139904022], "response_bytes_per_second": 793.3312443695903}
{"step": 100, "seen_response_bytes": 93618, "seconds": 1.304992105346173, "spike_rate": [0.14622339606285095, 0.13978803157806396, 0.142228364944458], "teacher_difference_rate": [0.08655841648578644, 0.09906280785799026, 0.11367969214916229], "response_bytes_per_second": 626.8237153687688}
{"step": 101, "seen_response_bytes": 94634, "seconds": 1.2744613089598715, "spike_rate": [0.14615145325660706, 0.13972178101539612, 0.14204353094100952], "teacher_difference_rate": [0.09744540601968765, 0.11130931228399277, 0.12739220261573792], "response_bytes_per_second": 797.1995641273645}
{"step": 102, "seen_response_bytes": 95603, "seconds": 1.2725323839113116, "spike_rate": [0.14598645269870758, 0.1396854817867279, 0.14203229546546936], "teacher_difference_rate": [0.09481991827487946, 0.10862812399864197, 0.12445565313100815], "response_bytes_per_second": 761.4737449915725}
{"step": 103, "seen_response_bytes": 96521, "seconds": 1.2852746900171041, "spike_rate": [0.1461370587348938, 0.1398061364889145, 0.1421106457710266], "teacher_difference_rate": [0.09214825928211212, 0.10559400171041489, 0.12109578400850296], "response_bytes_per_second": 714.2442056396392}
{"step": 104, "seen_response_bytes": 97490, "seconds": 1.2878391300328076, "spike_rate": [0.14613860845565796, 0.13967067003250122, 0.1420881152153015], "teacher_difference_rate": [0.09487377107143402, 0.10857181996107101, 0.12466064840555191], "response_bytes_per_second": 752.423169480271}
{"step": 105, "seen_response_bytes": 98342, "seconds": 1.2847059117630124, "spike_rate": [0.14624916017055511, 0.13985951244831085, 0.1421833038330078], "teacher_difference_rate": [0.08882465958595276, 0.10159662365913391, 0.11644510179758072], "response_bytes_per_second": 663.1867980048395}
{"step": 106, "seen_response_bytes": 99270, "seconds": 1.30249950196594, "spike_rate": [0.14620894193649292, 0.1396791934967041, 0.1421014368534088], "teacher_difference_rate": [0.09282992780208588, 0.10635198652744293, 0.12180094420909882], "response_bytes_per_second": 712.4762801055313}
{"step": 107, "seen_response_bytes": 100234, "seconds": 1.2887036809697747, "spike_rate": [0.14623130857944489, 0.1397261917591095, 0.1421235054731369], "teacher_difference_rate": [0.09462256729602814, 0.10814587771892548, 0.12398876249790192], "response_bytes_per_second": 748.03852447645}
{"step": 108, "seen_response_bytes": 101100, "seconds": 1.280865360982716, "spike_rate": [0.14621078968048096, 0.13988345861434937, 0.1421383023262024], "teacher_difference_rate": [0.08920226246118546, 0.10223890095949173, 0.11699780821800232], "response_bytes_per_second": 676.1054099671962}
{"step": 109, "seen_response_bytes": 102038, "seconds": 1.2948271902278066, "spike_rate": [0.1462058573961258, 0.13984665274620056, 0.14209887385368347], "teacher_difference_rate": [0.09333900362253189, 0.10688140988349915, 0.12221735715866089], "response_bytes_per_second": 724.4209938431801}
{"step": 110, "seen_response_bytes": 102966, "seconds": 1.2853529420681298, "spike_rate": [0.14613127708435059, 0.13978564739227295, 0.1420600712299347], "teacher_difference_rate": [0.09254392236471176, 0.10607203096151352, 0.12144079059362411], "response_bytes_per_second": 721.9806868818849}
{"step": 111, "seen_response_bytes": 103934, "seconds": 1.3217077171429992, "spike_rate": [0.14606380462646484, 0.1397571712732315, 0.1421501338481903], "teacher_difference_rate": [0.09471075236797333, 0.10852742940187454, 0.12432095408439636], "response_bytes_per_second": 732.3858273994397}
{"step": 112, "seen_response_bytes": 104804, "seconds": 1.3024919372983277, "spike_rate": [0.146102175116539, 0.13978050649166107, 0.14209868013858795], "teacher_difference_rate": [0.08934351056814194, 0.1022452637553215, 0.11763885617256165], "response_bytes_per_second": 667.9503919268652}
{"step": 113, "seen_response_bytes": 105622, "seconds": 1.2950994321145117, "spike_rate": [0.14626190066337585, 0.13977894186973572, 0.14219680428504944], "teacher_difference_rate": [0.0863487720489502, 0.09921041131019592, 0.11371177434921265], "response_bytes_per_second": 631.6117355286378}
{"step": 114, "seen_response_bytes": 106567, "seconds": 1.3062121141701937, "spike_rate": [0.14611585438251495, 0.1397954523563385, 0.14211159944534302], "teacher_difference_rate": [0.09308446198701859, 0.10715585201978683, 0.12284236401319504], "response_bytes_per_second": 723.4659591258933}
{"step": 115, "seen_response_bytes": 107447, "seconds": 1.2962412107735872, "spike_rate": [0.14631988108158112, 0.13986775279045105, 0.14215295016765594], "teacher_difference_rate": [0.09015875309705734, 0.10323113203048706, 0.11852923780679703], "response_bytes_per_second": 678.8859918092115}
{"step": 116, "seen_response_bytes": 108333, "seconds": 1.2973766229115427, "spike_rate": [0.14631938934326172, 0.1397840529680252, 0.14214862883090973], "teacher_difference_rate": [0.09014022350311279, 0.1033196970820427, 0.11885395646095276], "response_bytes_per_second": 682.9165751512149}
{"step": 117, "seen_response_bytes": 109274, "seconds": 1.3009716542437673, "spike_rate": [0.14624586701393127, 0.13980427384376526, 0.14202547073364258], "teacher_difference_rate": [0.0937134325504303, 0.10686621069908142, 0.12268310785293579], "response_bytes_per_second": 723.3055362355203}
{"step": 118, "seen_response_bytes": 110216, "seconds": 1.3090759450569749, "spike_rate": [0.146306574344635, 0.1397896707057953, 0.14203274250030518], "teacher_difference_rate": [0.0935506746172905, 0.10684144496917725, 0.12297725677490234], "response_bytes_per_second": 719.5915588831642}
{"step": 119, "seen_response_bytes": 111139, "seconds": 1.2979689692147076, "spike_rate": [0.14607524871826172, 0.13978397846221924, 0.1420501470565796], "teacher_difference_rate": [0.09220702201128006, 0.10583742707967758, 0.12150339037179947], "response_bytes_per_second": 711.1109910111564}
{"step": 120, "seen_response_bytes": 112031, "dev_h1": 4.618089105922045, "dev_mean_h": 4.563077490910252, "seconds": 1.300800846889615, "spike_rate": [0.146215558052063, 0.13977743685245514, 0.14208006858825684], "teacher_difference_rate": [0.0905257984995842, 0.10386563837528229, 0.1189304068684578], "response_bytes_per_second": 685.7314108711481}
