{"step": 0, "dev_h1": 4.644038805340949, "dev_mean_h": 4.609987902453954}
{"step": 1, "seen_response_bytes": 840, "seconds": 0.8380076712928712, "spike_rate": [0.14603890478610992, 0.1397033929824829, 0.1422642171382904], "teacher_difference_rate": [0.08761213719844818, 0.10032383352518082, 0.11760760843753815], "response_bytes_per_second": 1002.3774587934918}
{"step": 2, "seen_response_bytes": 1837, "seconds": 0.8183474922552705, "spike_rate": [0.1457372009754181, 0.13944873213768005, 0.14433982968330383], "teacher_difference_rate": [0.09597831964492798, 0.11023563891649246, 0.1300216168165207], "response_bytes_per_second": 1218.3088595437423}
{"step": 3, "seen_response_bytes": 2861, "seconds": 0.8177527072839439, "spike_rate": [0.14564478397369385, 0.1394922435283661, 0.1465112864971161], "teacher_difference_rate": [0.09766538441181183, 0.11159148812294006, 0.13306143879890442], "response_bytes_per_second": 1252.2123019330365}
{"step": 4, "seen_response_bytes": 3857, "seconds": 0.7947173789143562, "spike_rate": [0.14537623524665833, 0.13930732011795044, 0.14845699071884155], "teacher_difference_rate": [0.09551405161619186, 0.10976728051900864, 0.13164637982845306], "response_bytes_per_second": 1253.2757259701693}
{"step": 5, "seen_response_bytes": 4801, "seconds": 0.787706146016717, "spike_rate": [0.1454092413187027, 0.13920366764068604, 0.15044714510440826], "teacher_difference_rate": [0.0928729921579361, 0.10701563209295273, 0.1295856237411499], "response_bytes_per_second": 1198.4164459978279}
{"step": 6, "seen_response_bytes": 5726, "seconds": 0.7982353600673378, "spike_rate": [0.14541436731815338, 0.13901996612548828, 0.15249481797218323], "teacher_difference_rate": [0.09224753081798553, 0.10566931962966919, 0.12934578955173492], "response_bytes_per_second": 1158.8060943854562}
{"step": 7, "seen_response_bytes": 6641, "seconds": 0.8132252469658852, "spike_rate": [0.14509594440460205, 0.13891258835792542, 0.15438218414783478], "teacher_difference_rate": [0.09121692925691605, 0.10499951243400574, 0.1294267773628235], "response_bytes_per_second": 1125.149524579854}
{"step": 8, "seen_response_bytes": 7540, "seconds": 0.8156515578739345, "spike_rate": [0.14499111473560333, 0.13867545127868652, 0.15617063641548157], "teacher_difference_rate": [0.09051664173603058, 0.10402105748653412, 0.1293768584728241], "response_bytes_per_second": 1102.1863335163857}
{"step": 9, "seen_response_bytes": 8558, "seconds": 0.7984213433228433, "spike_rate": [0.14464357495307922, 0.13839569687843323, 0.15792647004127502], "teacher_difference_rate": [0.09621889144182205, 0.11065331101417542, 0.13880492746829987], "response_bytes_per_second": 1275.0160156833}
{"step": 10, "seen_response_bytes": 9490, "seconds": 0.8043603827245533, "spike_rate": [0.1446394920349121, 0.13827168941497803, 0.15960454940795898], "teacher_difference_rate": [0.09227810800075531, 0.10575567930936813, 0.13376541435718536], "response_bytes_per_second": 1158.6846145294999}
{"step": 11, "seen_response_bytes": 10393, "seconds": 0.7925019436515868, "spike_rate": [0.1444990634918213, 0.13794469833374023, 0.16123604774475098], "teacher_difference_rate": [0.09048815071582794, 0.10350540280342102, 0.13203419744968414], "response_bytes_per_second": 1139.429382140408}
{"step": 12, "seen_response_bytes": 11292, "seconds": 0.8148634489625692, "spike_rate": [0.1445532739162445, 0.13784074783325195, 0.16277919709682465], "teacher_difference_rate": [0.09009569883346558, 0.10307471454143524, 0.13310489058494568], "response_bytes_per_second": 1103.2523315956164}
{"step": 13, "seen_response_bytes": 12187, "seconds": 0.8221263592131436, "spike_rate": [0.14430442452430725, 0.13767272233963013, 0.16433703899383545], "teacher_difference_rate": [0.08969493210315704, 0.102781280875206, 0.13340674340724945], "response_bytes_per_second": 1088.6404382613443}
{"step": 14, "seen_response_bytes": 13182, "seconds": 0.8056541532278061, "spike_rate": [0.14428211748600006, 0.13731452822685242, 0.1656421571969986], "teacher_difference_rate": [0.09458419680595398, 0.1087753176689148, 0.14166396856307983], "response_bytes_per_second": 1235.0212507607525}
{"step": 15, "seen_response_bytes": 14029, "seconds": 0.7886520158499479, "spike_rate": [0.14410588145256042, 0.13712674379348755, 0.1671464443206787], "teacher_difference_rate": [0.08693722635507584, 0.09956672787666321, 0.1310199499130249], "response_bytes_per_second": 1073.9844481183113}
{"step": 16, "seen_response_bytes": 15024, "seconds": 0.7880154810845852, "spike_rate": [0.14384867250919342, 0.13678115606307983, 0.1684246063232422], "teacher_difference_rate": [0.09430044144392014, 0.10804106295108795, 0.143559068441391], "response_bytes_per_second": 1262.6655489439518}
{"step": 17, "seen_response_bytes": 15861, "seconds": 0.8065130989998579, "spike_rate": [0.14395377039909363, 0.13663458824157715, 0.16985094547271729], "teacher_difference_rate": [0.08597084879875183, 0.09849730879068375, 0.13145801424980164], "response_bytes_per_second": 1037.8008751971274}
{"step": 18, "seen_response_bytes": 16779, "seconds": 0.8166682631708682, "spike_rate": [0.14375345408916473, 0.13643328845500946, 0.17113472521305084], "teacher_difference_rate": [0.08984172344207764, 0.10323168337345123, 0.13887926936149597], "response_bytes_per_second": 1124.0794351866843}
{"step": 19, "seen_response_bytes": 17801, "seconds": 0.7950915559194982, "spike_rate": [0.14346233010292053, 0.13624826073646545, 0.17230603098869324], "teacher_difference_rate": [0.09554149210453033, 0.10940146446228027, 0.14785781502723694], "response_bytes_per_second": 1285.3865600648837}
{"step": 20, "seen_response_bytes": 18825, "seconds": 0.796586403157562, "spike_rate": [0.14335091412067413, 0.13603392243385315, 0.17351236939430237], "teacher_difference_rate": [0.0954296737909317, 0.10907319188117981, 0.14811839163303375], "response_bytes_per_second": 1285.4851601044168}
{"step": 21, "seen_response_bytes": 19788, "seconds": 0.7935731350444257, "spike_rate": [0.14321380853652954, 0.1359373927116394, 0.17470905184745789], "teacher_difference_rate": [0.09246723353862762, 0.10567733645439148, 0.1440114974975586], "response_bytes_per_second": 1213.4987406624966}
{"step": 22, "seen_response_bytes": 20641, "seconds": 0.8024531835690141, "spike_rate": [0.14332905411720276, 0.13585397601127625, 0.17605359852313995], "teacher_difference_rate": [0.08636097609996796, 0.09878814220428467, 0.13556745648384094], "response_bytes_per_second": 1062.9903618877458}
{"step": 23, "seen_response_bytes": 21469, "seconds": 0.8567956811748445, "spike_rate": [0.14319512248039246, 0.1356964409351349, 0.17721736431121826], "teacher_difference_rate": [0.08454924821853638, 0.09721211344003677, 0.1343831866979599], "response_bytes_per_second": 966.3914258585435}
{"step": 24, "seen_response_bytes": 22464, "seconds": 0.9166369759477675, "spike_rate": [0.14264346659183502, 0.13537895679473877, 0.17820340394973755], "teacher_difference_rate": [0.09319955110549927, 0.10734337568283081, 0.1481722742319107], "response_bytes_per_second": 1085.489704330559}
{"step": 25, "seen_response_bytes": 23276, "seconds": 0.8767012571915984, "spike_rate": [0.14296124875545502, 0.13545137643814087, 0.17947234213352203], "teacher_difference_rate": [0.08320581912994385, 0.09570848941802979, 0.13398867845535278], "response_bytes_per_second": 926.1991965212178}
{"step": 26, "seen_response_bytes": 24227, "seconds": 0.8684382690116763, "spike_rate": [0.1428423374891281, 0.13518038392066956, 0.18036895990371704], "teacher_difference_rate": [0.0905291885137558, 0.10444184392690659, 0.14626404643058777], "response_bytes_per_second": 1095.0691994288584}
{"step": 27, "seen_response_bytes": 25002, "seconds": 0.8654744452796876, "spike_rate": [0.1426619291305542, 0.13516491651535034, 0.18149001896381378], "teacher_difference_rate": [0.08074469119310379, 0.09311685711145401, 0.13104724884033203], "response_bytes_per_second": 895.4626034620238}
{"step": 28, "seen_response_bytes": 25910, "seconds": 0.8757529901340604, "spike_rate": [0.14264999330043793, 0.1349909007549286, 0.18229557573795319], "teacher_difference_rate": [0.08845332264900208, 0.10162162780761719, 0.14405520260334015], "response_bytes_per_second": 1036.822037982426}
{"step": 29, "seen_response_bytes": 26880, "seconds": 0.8849625261500478, "spike_rate": [0.14263096451759338, 0.134944349527359, 0.18319779634475708], "teacher_difference_rate": [0.09146855771541595, 0.10544505715370178, 0.14952071011066437], "response_bytes_per_second": 1096.0916099124563}
{"step": 30, "seen_response_bytes": 27801, "seconds": 0.8620290621183813, "spike_rate": [0.1425553560256958, 0.13475903868675232, 0.18416327238082886], "teacher_difference_rate": [0.08878111839294434, 0.10221556574106216, 0.14574220776557922], "response_bytes_per_second": 1068.409454475585}
{"step": 31, "seen_response_bytes": 28805, "seconds": 0.8699168572202325, "spike_rate": [0.14242231845855713, 0.13462680578231812, 0.18489792943000793], "teacher_difference_rate": [0.09322725236415863, 0.1069350466132164, 0.15327079594135284], "response_bytes_per_second": 1154.1332848845143}
{"step": 32, "seen_response_bytes": 29771, "seconds": 0.8660278609022498, "spike_rate": [0.14229118824005127, 0.13454943895339966, 0.18579621613025665], "teacher_difference_rate": [0.09103106707334518, 0.10445360094308853, 0.15043218433856964], "response_bytes_per_second": 1115.4375553155953}
{"step": 33, "seen_response_bytes": 30718, "seconds": 0.8703383672982454, "spike_rate": [0.14215652644634247, 0.1345173716545105, 0.1865628957748413], "teacher_difference_rate": [0.0900120884180069, 0.10346417129039764, 0.14903293550014496], "response_bytes_per_second": 1088.0825614292198}
{"step": 34, "seen_response_bytes": 31742, "seconds": 0.8410670720040798, "spike_rate": [0.1419644057750702, 0.13448303937911987, 0.18722990155220032], "teacher_difference_rate": [0.09365484118461609, 0.10785584896802902, 0.15543250739574432], "response_bytes_per_second": 1217.5009985351476}
{"step": 35, "seen_response_bytes": 32733, "seconds": 0.8561612130142748, "spike_rate": [0.14205540716648102, 0.13444125652313232, 0.18801197409629822], "teacher_difference_rate": [0.09170357137918472, 0.10557818412780762, 0.15352500975131989], "response_bytes_per_second": 1157.4922864246562}
{"step": 36, "seen_response_bytes": 33682, "seconds": 0.8554662852548063, "spike_rate": [0.14205266535282135, 0.1344587206840515, 0.18874453008174896], "teacher_difference_rate": [0.08959972858428955, 0.10361841320991516, 0.1507045030593872], "response_bytes_per_second": 1109.3365295130645}
{"step": 37, "seen_response_bytes": 34635, "seconds": 0.8668427537195385, "spike_rate": [0.14189040660858154, 0.13439911603927612, 0.18938490748405457], "teacher_difference_rate": [0.08963210880756378, 0.10382239520549774, 0.15125016868114471], "response_bytes_per_second": 1099.3920130390075}
{"step": 38, "seen_response_bytes": 35627, "seconds": 0.8801090130582452, "spike_rate": [0.14167970418930054, 0.13438281416893005, 0.19002197682857513], "teacher_difference_rate": [0.09179101884365082, 0.10624121129512787, 0.15459424257278442], "response_bytes_per_second": 1127.133099742895}
{"step": 39, "seen_response_bytes": 36589, "seconds": 0.8782575726509094, "spike_rate": [0.14184148609638214, 0.13447315990924835, 0.1907147318124771], "teacher_difference_rate": [0.09015506505966187, 0.1044812798500061, 0.1527477651834488], "response_bytes_per_second": 1095.3506465037638}
{"step": 40, "seen_response_bytes": 37507, "dev_h1": 4.597464823664826, "dev_mean_h": 4.555624615777118, "seconds": 0.8677798132412136, "spike_rate": [0.14175419509410858, 0.13447406888008118, 0.1912440061569214], "teacher_difference_rate": [0.08774054050445557, 0.10169635713100433, 0.14919856190681458], "response_bytes_per_second": 1057.8720384969672}
{"step": 41, "seen_response_bytes": 38498, "seconds": 0.8678994099609554, "spike_rate": [0.14163820445537567, 0.13442805409431458, 0.19176727533340454], "teacher_difference_rate": [0.09138944745063782, 0.10568615049123764, 0.15538042783737183], "response_bytes_per_second": 1141.8373933962953}
{"step": 42, "seen_response_bytes": 39425, "seconds": 0.8761775018647313, "spike_rate": [0.1414874941110611, 0.13456778228282928, 0.19246354699134827], "teacher_difference_rate": [0.08833322674036026, 0.1020929142832756, 0.15057532489299774], "response_bytes_per_second": 1058.004797004152}
{"step": 43, "seen_response_bytes": 40391, "seconds": 0.8810609341599047, "spike_rate": [0.1415431946516037, 0.13453459739685059, 0.1930437535047531], "teacher_difference_rate": [0.09045571088790894, 0.10435862094163895, 0.1542736291885376], "response_bytes_per_second": 1096.40543865571}
{"step": 44, "seen_response_bytes": 41317, "seconds": 0.8924871678464115, "spike_rate": [0.141279399394989, 0.1345697045326233, 0.1936330497264862], "teacher_difference_rate": [0.08807947486639023, 0.10220428556203842, 0.15085768699645996], "response_bytes_per_second": 1037.5499316527494}
{"step": 45, "seen_response_bytes": 42161, "seconds": 0.864131425973028, "spike_rate": [0.14066243171691895, 0.13471446931362152, 0.1941840648651123], "teacher_difference_rate": [0.08371122926473618, 0.09724600613117218, 0.14291559159755707], "response_bytes_per_second": 976.7032821999737}
{"step": 46, "seen_response_bytes": 43129, "seconds": 0.8744028890505433, "spike_rate": [0.14084738492965698, 0.13465392589569092, 0.1945687085390091], "teacher_difference_rate": [0.09007850289344788, 0.10458312183618546, 0.15516866743564606], "response_bytes_per_second": 1107.0411730353358}
{"step": 47, "seen_response_bytes": 44137, "seconds": 0.857682921923697, "spike_rate": [0.1410105973482132, 0.134816974401474, 0.1949773132801056], "teacher_difference_rate": [0.0914921909570694, 0.1070159524679184, 0.1582360714673996], "response_bytes_per_second": 1175.2594976931066}
{"step": 48, "seen_response_bytes": 45099, "seconds": 0.8507423521950841, "spike_rate": [0.14107264578342438, 0.13498523831367493, 0.19548550248146057], "teacher_difference_rate": [0.08950716257095337, 0.10444807261228561, 0.1551579385995865], "response_bytes_per_second": 1130.7771354251367}
{"step": 49, "seen_response_bytes": 46016, "seconds": 0.8593915873207152, "spike_rate": [0.14105214178562164, 0.13514001667499542, 0.1958984136581421], "teacher_difference_rate": [0.08678317070007324, 0.10170555114746094, 0.15130174160003662], "response_bytes_per_second": 1067.0339499818563}
{"step": 50, "seen_response_bytes": 46865, "seconds": 0.8696741862222552, "spike_rate": [0.14096418023109436, 0.13519158959388733, 0.1963074505329132], "teacher_difference_rate": [0.08360836654901505, 0.09779560565948486, 0.14521700143814087], "response_bytes_per_second": 976.2276648545118}
{"step": 51, "seen_response_bytes": 47830, "seconds": 0.8698030430823565, "spike_rate": [0.14080120623111725, 0.13520961999893188, 0.19660833477973938], "teacher_difference_rate": [0.08946609497070312, 0.10456792265176773, 0.1556699126958847], "response_bytes_per_second": 1109.4465668690814}
{"step": 52, "seen_response_bytes": 48697, "seconds": 0.8602282451465726, "spike_rate": [0.1407604217529297, 0.13530521094799042, 0.1970682293176651], "teacher_difference_rate": [0.08388645946979523, 0.0989442765712738, 0.14757083356380463], "response_bytes_per_second": 1007.8720442994447}
{"step": 53, "seen_response_bytes": 49655, "seconds": 0.8679431551136076, "spike_rate": [0.14068064093589783, 0.13542477786540985, 0.1974027156829834], "teacher_difference_rate": [0.08863820135593414, 0.10451751947402954, 0.15598227083683014], "response_bytes_per_second": 1103.7589205650277}
{"step": 54, "seen_response_bytes": 50490, "seconds": 0.8608407019637525, "spike_rate": [0.14080621302127838, 0.13568231463432312, 0.19783946871757507], "teacher_difference_rate": [0.08239421248435974, 0.09698490053415298, 0.1445768177509308], "response_bytes_per_second": 969.9820165277912}
{"step": 55, "seen_response_bytes": 51496, "seconds": 0.8485914249904454, "spike_rate": [0.14068269729614258, 0.13562726974487305, 0.19793426990509033], "teacher_difference_rate": [0.09071557968854904, 0.10726477205753326, 0.15997296571731567], "response_bytes_per_second": 1185.4939495898477}
{"step": 56, "seen_response_bytes": 52448, "seconds": 0.8544843499548733, "spike_rate": [0.14061596989631653, 0.1357010304927826, 0.1984374076128006], "teacher_difference_rate": [0.08883456885814667, 0.10494986176490784, 0.15676237642765045], "response_bytes_per_second": 1114.122218915158}
{"step": 57, "seen_response_bytes": 53472, "seconds": 0.8974171527661383, "spike_rate": [0.14039239287376404, 0.13575947284698486, 0.1986367553472519], "teacher_difference_rate": [0.09176900237798691, 0.1084897518157959, 0.16145095229148865], "response_bytes_per_second": 1141.0524044962715}
{"step": 58, "seen_response_bytes": 54376, "seconds": 0.8951508277095854, "spike_rate": [0.14063164591789246, 0.13591328263282776, 0.19907164573669434], "teacher_difference_rate": [0.08531641960144043, 0.10140161216259003, 0.15149028599262238], "response_bytes_per_second": 1009.8856773813826}
{"step": 59, "seen_response_bytes": 55234, "seconds": 0.8852427690289915, "spike_rate": [0.14016707241535187, 0.13595989346504211, 0.1993527114391327], "teacher_difference_rate": [0.08341915905475616, 0.09868514537811279, 0.1464587301015854], "response_bytes_per_second": 969.2256520108335}
{"step": 60, "seen_response_bytes": 56258, "seconds": 0.8858235399238765, "spike_rate": [0.14034001529216766, 0.13609878718852997, 0.1994970142841339], "teacher_difference_rate": [0.09133358299732208, 0.10853733122348785, 0.16191521286964417], "response_bytes_per_second": 1155.986439565602}
{"step": 61, "seen_response_bytes": 57120, "seconds": 0.8731155227869749, "spike_rate": [0.13998527824878693, 0.13629783689975739, 0.199853777885437], "teacher_difference_rate": [0.0827299952507019, 0.09945949912071228, 0.1464577466249466], "response_bytes_per_second": 987.2691270549236}
{"step": 62, "seen_response_bytes": 58088, "seconds": 0.8866004887968302, "spike_rate": [0.1404801905155182, 0.1363026201725006, 0.19995413720607758], "teacher_difference_rate": [0.0885731428861618, 0.10548851639032364, 0.1577509194612503], "response_bytes_per_second": 1091.8108124592102}
{"step": 63, "seen_response_bytes": 59008, "seconds": 0.8639371511526406, "spike_rate": [0.13988801836967468, 0.1365470439195633, 0.20021861791610718], "teacher_difference_rate": [0.08598562330007553, 0.10303950309753418, 0.15344035625457764], "response_bytes_per_second": 1064.8922769122291}
{"step": 64, "seen_response_bytes": 59958, "seconds": 0.8608512915670872, "spike_rate": [0.1401357352733612, 0.136702299118042, 0.20044919848442078], "teacher_difference_rate": [0.08751855790615082, 0.10433757305145264, 0.15604501962661743], "response_bytes_per_second": 1103.5587787417119}
{"step": 65, "seen_response_bytes": 60887, "seconds": 0.85526820179075, "spike_rate": [0.1400684118270874, 0.13702073693275452, 0.20061224699020386], "teacher_difference_rate": [0.08628839254379272, 0.10325194150209427, 0.15425452589988708], "response_bytes_per_second": 1086.208978721378}
{"step": 66, "seen_response_bytes": 61833, "seconds": 0.8741805627942085, "spike_rate": [0.13973090052604675, 0.13705359399318695, 0.2007945477962494], "teacher_difference_rate": [0.08706049621105194, 0.10446719825267792, 0.15585817396640778], "response_bytes_per_second": 1082.1562961503396}
{"step": 67, "seen_response_bytes": 62681, "seconds": 0.8730091033503413, "spike_rate": [0.13992783427238464, 0.13743749260902405, 0.20107926428318024], "teacher_difference_rate": [0.08202967047691345, 0.09846075624227524, 0.14704421162605286], "response_bytes_per_second": 971.3529867508094}
{"step": 68, "seen_response_bytes": 63640, "seconds": 0.846291309222579, "spike_rate": [0.13976460695266724, 0.13746444880962372, 0.2010626494884491], "teacher_difference_rate": [0.08754855394363403, 0.10549753904342651, 0.15694157779216766], "response_bytes_per_second": 1133.1795441465156}
{"step": 69, "seen_response_bytes": 64664, "seconds": 0.8670332389883697, "spike_rate": [0.13994449377059937, 0.13770058751106262, 0.20125357806682587], "teacher_difference_rate": [0.09056127071380615, 0.1092240959405899, 0.16257987916469574], "response_bytes_per_second": 1181.0389197936342}
{"step": 70, "seen_response_bytes": 65633, "seconds": 0.8587776268832386, "spike_rate": [0.13993394374847412, 0.13812506198883057, 0.20135216414928436], "teacher_difference_rate": [0.0880165845155716, 0.10612078011035919, 0.15777090191841125], "response_bytes_per_second": 1128.3479793445383}
{"step": 71, "seen_response_bytes": 66651, "seconds": 0.8445017077028751, "spike_rate": [0.13990101218223572, 0.1382848173379898, 0.2016664296388626], "teacher_difference_rate": [0.0903329998254776, 0.1089821606874466, 0.16237255930900574], "response_bytes_per_second": 1205.4445724793816}
{"step": 72, "seen_response_bytes": 67578, "seconds": 0.8564343969337642, "spike_rate": [0.13995173573493958, 0.1389368325471878, 0.20199954509735107], "teacher_difference_rate": [0.08565486967563629, 0.10400466620922089, 0.15483081340789795], "response_bytes_per_second": 1082.3946391210782}
{"step": 73, "seen_response_bytes": 68486, "seconds": 0.8726292969658971, "spike_rate": [0.13991856575012207, 0.13918820023536682, 0.20231306552886963], "teacher_difference_rate": [0.0844089463353157, 0.10274600237607956, 0.15303590893745422], "response_bytes_per_second": 1040.533481006294}
{"step": 74, "seen_response_bytes": 69510, "seconds": 0.8965750369243324, "spike_rate": [0.139652281999588, 0.13947543501853943, 0.20236951112747192], "teacher_difference_rate": [0.09027724713087082, 0.1095879003405571, 0.16291052103042603], "response_bytes_per_second": 1142.1241478156633}
{"step": 75, "seen_response_bytes": 70490, "seconds": 0.8953794999979436, "spike_rate": [0.1395079493522644, 0.13968822360038757, 0.20264407992362976], "teacher_difference_rate": [0.08852382004261017, 0.10726811736822128, 0.1600707769393921], "response_bytes_per_second": 1094.507971203552}
{"step": 76, "seen_response_bytes": 71395, "seconds": 0.8740081028081477, "spike_rate": [0.13959942758083344, 0.14032533764839172, 0.20311632752418518], "teacher_difference_rate": [0.0847005844116211, 0.10392299294471741, 0.15336574614048004], "response_bytes_per_second": 1035.4595078607128}
{"step": 77, "seen_response_bytes": 72414, "seconds": 0.8869835208170116, "spike_rate": [0.13939166069030762, 0.1404457688331604, 0.20322279632091522], "teacher_difference_rate": [0.09045897424221039, 0.11049176007509232, 0.16318759322166443], "response_bytes_per_second": 1148.8375782465343}
{"step": 78, "seen_response_bytes": 73430, "seconds": 0.8703233753331006, "spike_rate": [0.1394694447517395, 0.1408083438873291, 0.20351776480674744], "teacher_difference_rate": [0.09012553095817566, 0.11074431240558624, 0.1637025773525238], "response_bytes_per_second": 1167.3821809176898}
{"step": 79, "seen_response_bytes": 74394, "seconds": 0.8574864389374852, "spike_rate": [0.1394815444946289, 0.14100483059883118, 0.20387673377990723], "teacher_difference_rate": [0.0881466493010521, 0.1077997237443924, 0.159268319606781], "response_bytes_per_second": 1124.216029812082}
{"step": 80, "seen_response_bytes": 75322, "dev_h1": 4.634019154903895, "dev_mean_h": 4.56511831026742, "seconds": 0.8766745277680457, "spike_rate": [0.13944312930107117, 0.14156825840473175, 0.20436283946037292], "teacher_difference_rate": [0.08649791777133942, 0.10676611959934235, 0.15666058659553528], "response_bytes_per_second": 1058.5456410631955}
{"step": 81, "seen_response_bytes": 76328, "seconds": 0.8715591570362449, "spike_rate": [0.13880908489227295, 0.14156809449195862, 0.20471057295799255], "teacher_difference_rate": [0.08998727798461914, 0.1115662008523941, 0.16292349994182587], "response_bytes_per_second": 1154.253261959778}
{"step": 82, "seen_response_bytes": 77293, "seconds": 0.866369254887104, "spike_rate": [0.13908317685127258, 0.1419757604598999, 0.2052825540304184], "teacher_difference_rate": [0.08814553916454315, 0.10986402630805969, 0.15929651260375977], "response_bytes_per_second": 1113.843773375532}
{"step": 83, "seen_response_bytes": 78148, "seconds": 0.8536624731495976, "spike_rate": [0.13850046694278717, 0.14229558408260345, 0.20592258870601654], "teacher_difference_rate": [0.08204382658004761, 0.10239806026220322, 0.14792954921722412], "response_bytes_per_second": 1001.5668099424208}
{"step": 84, "seen_response_bytes": 79122, "seconds": 0.8571470808237791, "spike_rate": [0.13909412920475006, 0.14283284544944763, 0.20619313418865204], "teacher_difference_rate": [0.08823749423027039, 0.11002489924430847, 0.16063466668128967], "response_bytes_per_second": 1136.3277339332674}
{"step": 85, "seen_response_bytes": 80003, "seconds": 0.8719793017953634, "spike_rate": [0.13908028602600098, 0.14340785145759583, 0.20683841407299042], "teacher_difference_rate": [0.08346481621265411, 0.10424869507551193, 0.15261775255203247], "response_bytes_per_second": 1010.3450829464225}
{"step": 86, "seen_response_bytes": 80838, "seconds": 0.8727485570125282, "spike_rate": [0.1388636827468872, 0.14390334486961365, 0.20726227760314941], "teacher_difference_rate": [0.08115430921316147, 0.10151375830173492, 0.14802896976470947], "response_bytes_per_second": 956.7474999423158}
{"step": 87, "seen_response_bytes": 81740, "seconds": 0.8812072020955384, "spike_rate": [0.13901391625404358, 0.14450569450855255, 0.20740756392478943], "teacher_difference_rate": [0.0847625583410263, 0.10631391406059265, 0.15413479506969452], "response_bytes_per_second": 1023.5958102192262}
{"step": 88, "seen_response_bytes": 82442, "seconds": 0.8662872780114412, "spike_rate": [0.1391744315624237, 0.14520512521266937, 0.20783305168151855], "teacher_difference_rate": [0.0734049454331398, 0.09252501279115677, 0.13446636497974396], "response_bytes_per_second": 810.354737762556}
{"step": 89, "seen_response_bytes": 83328, "seconds": 0.856522673740983, "spike_rate": [0.13906940817832947, 0.14580118656158447, 0.20764946937561035], "teacher_difference_rate": [0.08415092527866364, 0.10574821382761002, 0.15337136387825012], "response_bytes_per_second": 1034.415114932417}
{"step": 90, "seen_response_bytes": 84289, "seconds": 0.832998197991401, "spike_rate": [0.13904087245464325, 0.14627309143543243, 0.2076854407787323], "teacher_difference_rate": [0.08747698366641998, 0.1108296811580658, 0.16000200808048248], "response_bytes_per_second": 1153.6639602789637}
{"step": 91, "seen_response_bytes": 85257, "seconds": 0.8985540359281003, "spike_rate": [0.1391463279724121, 0.14670825004577637, 0.20779579877853394], "teacher_difference_rate": [0.0880977064371109, 0.11142104119062424, 0.16093513369560242], "response_bytes_per_second": 1077.2863526233791}
{"step": 92, "seen_response_bytes": 86236, "seconds": 0.8634226717986166, "spike_rate": [0.13898149132728577, 0.14694438874721527, 0.20792080461978912], "teacher_difference_rate": [0.08880476653575897, 0.11240936815738678, 0.16247157752513885], "response_bytes_per_second": 1133.8595012343392}
{"step": 93, "seen_response_bytes": 87198, "seconds": 0.8868801342323422, "spike_rate": [0.1390630006790161, 0.14731669425964355, 0.20793741941452026], "teacher_difference_rate": [0.08795754611492157, 0.11174850165843964, 0.1605379581451416], "response_bytes_per_second": 1084.7012610477282}
{"step": 94, "seen_response_bytes": 88116, "seconds": 0.8859489210881293, "spike_rate": [0.13906432688236237, 0.1476191282272339, 0.20821672677993774], "teacher_difference_rate": [0.08593446016311646, 0.10938312113285065, 0.156922847032547], "response_bytes_per_second": 1036.177118284094}
{"step": 95, "seen_response_bytes": 89059, "seconds": 0.8682894799858332, "spike_rate": [0.13874146342277527, 0.1473933607339859, 0.20834068953990936], "teacher_difference_rate": [0.08767139166593552, 0.1113726794719696, 0.1590810865163803], "response_bytes_per_second": 1086.0433320180107}
{"step": 96, "seen_response_bytes": 89955, "seconds": 0.8994666221551597, "spike_rate": [0.13875292241573334, 0.14741119742393494, 0.20856687426567078], "teacher_difference_rate": [0.08562822639942169, 0.1088169664144516, 0.1553601324558258], "response_bytes_per_second": 996.1459135116614}
{"step": 97, "seen_response_bytes": 90862, "seconds": 0.8588416469283402, "spike_rate": [0.13820169866085052, 0.14717435836791992, 0.20877479016780853], "teacher_difference_rate": [0.08656933158636093, 0.11066415905952454, 0.15588487684726715], "response_bytes_per_second": 1056.0736117582314}
{"step": 98, "seen_response_bytes": 91776, "seconds": 0.8123204656876624, "spike_rate": [0.1387181282043457, 0.14765655994415283, 0.2094884216785431], "teacher_difference_rate": [0.08679771423339844, 0.11147953569889069, 0.15700097382068634], "response_bytes_per_second": 1125.1717008339335}
{"step": 99, "seen_response_bytes": 92800, "seconds": 0.8160657058469951, "spike_rate": [0.13866418600082397, 0.14766567945480347, 0.20964856445789337], "teacher_difference_rate": [0.0923774316906929, 0.11836302280426025, 0.16663077473640442], "response_bytes_per_second": 1254.800921865954}
{"step": 100, "seen_response_bytes": 93618, "seconds": 0.8458227221854031, "spike_rate": [0.1391676366329193, 0.14867068827152252, 0.20988766849040985], "teacher_difference_rate": [0.08152852952480316, 0.10479114949703217, 0.148088276386261], "response_bytes_per_second": 967.1057285934387}
{"step": 101, "seen_response_bytes": 94634, "seconds": 0.8684622230939567, "spike_rate": [0.13907910883426666, 0.14847852289676666, 0.20945337414741516], "teacher_difference_rate": [0.09249311685562134, 0.1181076169013977, 0.16627520322799683], "response_bytes_per_second": 1169.8839316008816}
{"step": 102, "seen_response_bytes": 95603, "seconds": 0.8371216356754303, "spike_rate": [0.13933327794075012, 0.14929749071598053, 0.20955736935138702], "teacher_difference_rate": [0.09061926603317261, 0.11598816514015198, 0.16251985728740692], "response_bytes_per_second": 1157.5378758645556}
{"step": 103, "seen_response_bytes": 96521, "seconds": 0.8776148329488933, "spike_rate": [0.1393274962902069, 0.14978522062301636, 0.20862743258476257], "teacher_difference_rate": [0.08793525397777557, 0.11266013234853745, 0.15680775046348572], "response_bytes_per_second": 1046.016960441983}
{"step": 104, "seen_response_bytes": 97490, "seconds": 0.8565136776305735, "spike_rate": [0.1395980417728424, 0.1502893567085266, 0.20797719061374664], "teacher_difference_rate": [0.0904192104935646, 0.11602026224136353, 0.16223680973052979], "response_bytes_per_second": 1131.3304449271661}
{"step": 105, "seen_response_bytes": 98342, "seconds": 0.8540412047877908, "spike_rate": [0.13980594277381897, 0.15076234936714172, 0.2066679298877716], "teacher_difference_rate": [0.08388566970825195, 0.10754735767841339, 0.1507849246263504], "response_bytes_per_second": 997.6099457773844}
{"step": 106, "seen_response_bytes": 99270, "seconds": 0.8706503980793059, "spike_rate": [0.13968828320503235, 0.1507689356803894, 0.2059623748064041], "teacher_difference_rate": [0.08816805481910706, 0.11327670514583588, 0.15845584869384766], "response_bytes_per_second": 1065.869839429477}
{"step": 107, "seen_response_bytes": 100234, "seconds": 0.873229032382369, "spike_rate": [0.13961327075958252, 0.15083284676074982, 0.20544755458831787], "teacher_difference_rate": [0.0901884138584137, 0.11560182273387909, 0.1604548692703247], "response_bytes_per_second": 1103.9486368999744}
{"step": 108, "seen_response_bytes": 101100, "seconds": 0.9024361679330468, "spike_rate": [0.13985896110534668, 0.1516934037208557, 0.20690305531024933], "teacher_difference_rate": [0.08520689606666565, 0.1102864220738411, 0.1529075801372528], "response_bytes_per_second": 959.6246590864141}
{"step": 109, "seen_response_bytes": 102038, "seconds": 0.8994887177832425, "spike_rate": [0.1400042474269867, 0.1524621844291687, 0.20822912454605103], "teacher_difference_rate": [0.08905939012765884, 0.11508483439683914, 0.15950286388397217], "response_bytes_per_second": 1042.8146361987365}
{"step": 110, "seen_response_bytes": 102966, "seconds": 0.887622854206711, "spike_rate": [0.14050745964050293, 0.1536073237657547, 0.2101929485797882], "teacher_difference_rate": [0.08838546276092529, 0.11492010951042175, 0.15913426876068115], "response_bytes_per_second": 1045.4890786125318}
{"step": 111, "seen_response_bytes": 103934, "seconds": 0.879088340792805, "spike_rate": [0.14097243547439575, 0.15469124913215637, 0.21214337646961212], "teacher_difference_rate": [0.09080994129180908, 0.11775140464305878, 0.16440103948116302], "response_bytes_per_second": 1101.140755805054}
{"step": 112, "seen_response_bytes": 104804, "seconds": 0.8737126607447863, "spike_rate": [0.1412687599658966, 0.15609556436538696, 0.21426446735858917], "teacher_difference_rate": [0.0858808159828186, 0.11229169368743896, 0.1556275486946106], "response_bytes_per_second": 995.7507073989045}
{"step": 113, "seen_response_bytes": 105622, "seconds": 0.868798456620425, "spike_rate": [0.1418582797050476, 0.15737470984458923, 0.21576042473316193], "teacher_difference_rate": [0.08253344148397446, 0.10861022770404816, 0.15114417672157288], "response_bytes_per_second": 941.5302177008601}
{"step": 114, "seen_response_bytes": 106567, "seconds": 0.8712762300856411, "spike_rate": [0.14245560765266418, 0.15853114426136017, 0.21774494647979736], "teacher_difference_rate": [0.08915320038795471, 0.11722050607204437, 0.16354945302009583], "response_bytes_per_second": 1084.6158398090492}
{"step": 115, "seen_response_bytes": 107447, "seconds": 0.88567765802145, "spike_rate": [0.14293502271175385, 0.15978072583675385, 0.21963293850421906], "teacher_difference_rate": [0.0851859375834465, 0.11334538459777832, 0.15836450457572937], "response_bytes_per_second": 993.5894758436906}
{"step": 116, "seen_response_bytes": 108333, "seconds": 0.8810564228333533, "spike_rate": [0.14333763718605042, 0.16039292514324188, 0.2205314338207245], "teacher_difference_rate": [0.08592048287391663, 0.11382367461919785, 0.15936222672462463], "response_bytes_per_second": 1005.610965471143}
{"step": 117, "seen_response_bytes": 109274, "seconds": 0.8901380486786366, "spike_rate": [0.1433217078447342, 0.16049446165561676, 0.2213600128889084], "teacher_difference_rate": [0.08893634378910065, 0.11748262494802475, 0.16419479250907898], "response_bytes_per_second": 1057.1393969697906}
{"step": 118, "seen_response_bytes": 110216, "seconds": 0.868625411298126, "spike_rate": [0.14337189495563507, 0.16054338216781616, 0.22133764624595642], "teacher_difference_rate": [0.08898937702178955, 0.11782050877809525, 0.16471004486083984], "response_bytes_per_second": 1084.4720724808392}
{"step": 119, "seen_response_bytes": 111139, "seconds": 0.8748864661902189, "spike_rate": [0.14255386590957642, 0.15977948904037476, 0.2215244174003601], "teacher_difference_rate": [0.08734545111656189, 0.11624634265899658, 0.16153234243392944], "response_bytes_per_second": 1054.9940314190667}
{"step": 120, "seen_response_bytes": 112031, "dev_h1": 4.5751561055367995, "dev_mean_h": 4.554285996298612, "seconds": 0.8744458477012813, "spike_rate": [0.1425657868385315, 0.15953022241592407, 0.22094932198524475], "teacher_difference_rate": [0.08554121851921082, 0.11411441117525101, 0.1592423915863037], "response_bytes_per_second": 1020.0746019263108}
