{"step": 0, "dev_h1": 4.711176119354241, "dev_mean_h": 4.694814135593617}
{"step": 1, "seen_response_bytes": 2234, "seconds": 60.56035350402817, "spike_rate": [0.14150139689445496, 0.14359427988529205, 0.13726051151752472], "teacher_difference_rate": [0.009134341031312943, 0.009660232812166214, 0.009777700528502464], "response_bytes_per_second": 36.888820337738046}
{"step": 2, "seen_response_bytes": 34767, "seconds": 91.42056463425979, "spike_rate": [0.1406901478767395, 0.1455552875995636, 0.15034356713294983], "teacher_difference_rate": [0.10154443234205246, 0.10831484198570251, 0.11536690592765808], "response_bytes_per_second": 355.86085176954026}
{"step": 3, "seen_response_bytes": 46187, "seconds": 70.76003475487232, "spike_rate": [0.14036205410957336, 0.14669358730316162, 0.1568831503391266], "teacher_difference_rate": [0.04612752050161362, 0.0497361421585083, 0.05457685887813568], "response_bytes_per_second": 161.3905368978589}
{"step": 4, "seen_response_bytes": 46692, "seconds": 58.57408339576796, "spike_rate": [0.14011625945568085, 0.14714249968528748, 0.1603206992149353], "teacher_difference_rate": [0.001830322202295065, 0.0020758796017616987, 0.0024871816858649254], "response_bytes_per_second": 8.621560436342856}
{"step": 5, "seen_response_bytes": 106367, "seconds": 120.08520914940163, "spike_rate": [0.13957828283309937, 0.14746801555156708, 0.1622123420238495], "teacher_difference_rate": [0.1395287811756134, 0.1516627073287964, 0.16966259479522705], "response_bytes_per_second": 496.93880222797907}
{"step": 6, "seen_response_bytes": 127030, "seconds": 81.17127237608656, "spike_rate": [0.1393151581287384, 0.1476096510887146, 0.16315098106861115], "teacher_difference_rate": [0.08940945565700531, 0.09751968085765839, 0.10969846695661545], "response_bytes_per_second": 254.56050392142697}
{"step": 7, "seen_response_bytes": 143122, "seconds": 75.46788806887344, "spike_rate": [0.1390448808670044, 0.14731919765472412, 0.16316747665405273], "teacher_difference_rate": [0.0698108822107315, 0.07613017410039902, 0.0859769955277443], "response_bytes_per_second": 213.22976449684313}
{"step": 8, "seen_response_bytes": 169233, "seconds": 84.73593741981313, "spike_rate": [0.13875585794448853, 0.14679065346717834, 0.16262619197368622], "teacher_difference_rate": [0.08815184235572815, 0.09585512429475784, 0.10842697322368622], "response_bytes_per_second": 308.14552591347945}
{"step": 9, "seen_response_bytes": 218023, "seconds": 108.130722285714, "spike_rate": [0.13853217661380768, 0.14613226056098938, 0.16173933446407318], "teacher_difference_rate": [0.12460140883922577, 0.13502702116966248, 0.152792826294899], "response_bytes_per_second": 451.2131147249909}
{"step": 10, "seen_response_bytes": 257410, "seconds": 99.01258715800941, "spike_rate": [0.13835930824279785, 0.1454223245382309, 0.1607152372598648], "teacher_difference_rate": [0.11393916606903076, 0.12307257950305939, 0.1393873244524002], "response_bytes_per_second": 397.7979076250597}
{"step": 11, "seen_response_bytes": 322944, "seconds": 96.10716457432136, "spike_rate": [0.13816159963607788, 0.14458996057510376, 0.1595851629972458], "teacher_difference_rate": [0.18013516068458557, 0.19363775849342346, 0.21940894424915314], "response_bytes_per_second": 681.8846471047578}
{"step": 12, "seen_response_bytes": 330795, "seconds": 67.77968956017867, "spike_rate": [0.13801909983158112, 0.14377623796463013, 0.15852275490760803], "teacher_difference_rate": [0.03297639265656471, 0.03539590537548065, 0.040326885879039764], "response_bytes_per_second": 115.83115902337433}
{"step": 13, "seen_response_bytes": 396331, "seconds": 119.68386401189491, "spike_rate": [0.13768503069877625, 0.14277958869934082, 0.15721255540847778], "teacher_difference_rate": [0.11605760455131531, 0.12369401752948761, 0.14050573110580444], "response_bytes_per_second": 547.5759037449412}
{"step": 14, "seen_response_bytes": 461867, "seconds": 91.85220298077911, "spike_rate": [0.13749679923057556, 0.14203831553459167, 0.1561400443315506], "teacher_difference_rate": [0.1491287648677826, 0.1583060771226883, 0.18006989359855652], "response_bytes_per_second": 713.4940466666214}
{"step": 15, "seen_response_bytes": 466437, "seconds": 62.79069922026247, "spike_rate": [0.13734973967075348, 0.14151132106781006, 0.1552375704050064], "teacher_difference_rate": [0.017456667497754097, 0.018589336425065994, 0.021314259618520737], "response_bytes_per_second": 72.78147968967461}
{"step": 16, "seen_response_bytes": 531973, "seconds": 81.93327045580372, "spike_rate": [0.13709020614624023, 0.14114192128181458, 0.1544215977191925], "teacher_difference_rate": [0.16257992386817932, 0.1719721257686615, 0.19579258561134338], "response_bytes_per_second": 799.8704266949932}
{"step": 17, "seen_response_bytes": 552719, "seconds": 79.16587560717016, "spike_rate": [0.1369892805814743, 0.14129920303821564, 0.1539742797613144], "teacher_difference_rate": [0.07869105041027069, 0.08341123908758163, 0.09493023157119751], "response_bytes_per_second": 262.05735540580577}
{"step": 18, "seen_response_bytes": 590469, "seconds": 95.8425484248437, "spike_rate": [0.1368398368358612, 0.14176705479621887, 0.15369382500648499], "teacher_difference_rate": [0.1086837649345398, 0.11550651490688324, 0.13116469979286194], "response_bytes_per_second": 393.87516943586076}
{"step": 19, "seen_response_bytes": 656005, "seconds": 79.52001409279183, "spike_rate": [0.13679979741573334, 0.14278098940849304, 0.15392830967903137], "teacher_difference_rate": [0.16915112733840942, 0.18149040639400482, 0.20613153278827667], "response_bytes_per_second": 824.1447231576959}
{"step": 20, "seen_response_bytes": 663166, "dev_h1": 4.708551094181184, "dev_mean_h": 4.664572152271488, "seconds": 65.28358977800235, "spike_rate": [0.1368546336889267, 0.1436069905757904, 0.15462985634803772], "teacher_difference_rate": [0.03023231029510498, 0.03268933296203613, 0.037202902138233185], "response_bytes_per_second": 109.69065923536172}
{"step": 21, "seen_response_bytes": 726050, "seconds": 118.70936942193657, "spike_rate": [0.13660573959350586, 0.14400553703308105, 0.1554867923259735], "teacher_difference_rate": [0.15673214197158813, 0.16897724568843842, 0.19120848178863525], "response_bytes_per_second": 529.7307222354727}
{"step": 22, "seen_response_bytes": 726475, "seconds": 58.287705751135945, "spike_rate": [0.13645395636558533, 0.14535650610923767, 0.1563233733177185], "teacher_difference_rate": [0.0016219078097492456, 0.0018866469617933035, 0.002343097934499383], "response_bytes_per_second": 7.291417538624212}
{"step": 23, "seen_response_bytes": 771298, "seconds": 103.15721309604123, "spike_rate": [0.13708466291427612, 0.1476289927959442, 0.15871502459049225], "teacher_difference_rate": [0.12340918183326721, 0.1352262943983078, 0.1523754745721817], "response_bytes_per_second": 434.5115446097693}
{"step": 24, "seen_response_bytes": 786585, "seconds": 74.26436055731028, "spike_rate": [0.14037162065505981, 0.1536669135093689, 0.16074854135513306], "teacher_difference_rate": [0.06135253608226776, 0.06844153255224228, 0.07545572519302368], "response_bytes_per_second": 205.845709641611}
{"step": 25, "seen_response_bytes": 812689, "seconds": 84.14277249528095, "spike_rate": [0.13989776372909546, 0.1560751050710678, 0.15955260396003723], "teacher_difference_rate": [0.0890384316444397, 0.10067474842071533, 0.10860384255647659], "response_bytes_per_second": 310.23460751146524}
{"step": 26, "seen_response_bytes": 878225, "seconds": 89.49055700516328, "spike_rate": [0.13594895601272583, 0.15843407809734344, 0.15797913074493408], "teacher_difference_rate": [0.14716237783432007, 0.1667540967464447, 0.18035860359668732], "response_bytes_per_second": 732.3230762349464}
{"step": 27, "seen_response_bytes": 909670, "seconds": 89.3825389239937, "spike_rate": [0.1410675048828125, 0.16383983194828033, 0.16362537443637848], "teacher_difference_rate": [0.09555481374263763, 0.10670477896928787, 0.11332632601261139], "response_bytes_per_second": 351.8024927300309}
{"step": 28, "seen_response_bytes": 914109, "seconds": 63.06355149811134, "spike_rate": [0.14965835213661194, 0.17289182543754578, 0.17340433597564697], "teacher_difference_rate": [0.020572107285261154, 0.02347702346742153, 0.02480880543589592], "response_bytes_per_second": 70.38931196466062}
{"step": 29, "seen_response_bytes": 979645, "seconds": 117.3586871153675, "spike_rate": [0.14181450009346008, 0.17198696732521057, 0.17220407724380493], "teacher_difference_rate": [0.11933138966560364, 0.13852359354496002, 0.14639852941036224], "response_bytes_per_second": 558.4247882355392}
{"step": 30, "seen_response_bytes": 1033069, "seconds": 110.83460134966299, "spike_rate": [0.14527663588523865, 0.17845265567302704, 0.17795446515083313], "teacher_difference_rate": [0.12902221083641052, 0.1481914520263672, 0.16189360618591309], "response_bytes_per_second": 482.01553801287207}
{"step": 31, "seen_response_bytes": 1043575, "seconds": 69.7819732609205, "spike_rate": [0.15186096727848053, 0.18852931261062622, 0.18652427196502686], "teacher_difference_rate": [0.04277064651250839, 0.04717492312192917, 0.05455176532268524], "response_bytes_per_second": 150.5546419663028}
{"step": 32, "seen_response_bytes": 1045554, "seconds": 60.15223654406145, "spike_rate": [0.15931306779384613, 0.19727769494056702, 0.19427387416362762], "teacher_difference_rate": [0.00744754821062088, 0.007707772310823202, 0.010022174566984177], "response_bytes_per_second": 32.89985732368213}
{"step": 33, "seen_response_bytes": 1050410, "seconds": 62.95061646681279, "spike_rate": [0.16650129854679108, 0.2042805701494217, 0.20102372765541077], "teacher_difference_rate": [0.018259283155202866, 0.017622360959649086, 0.02395535074174404], "response_bytes_per_second": 77.13983234080092}
{"step": 34, "seen_response_bytes": 1074729, "seconds": 82.20859798416495, "spike_rate": [0.17300289869308472, 0.20951345562934875, 0.20674531161785126], "teacher_difference_rate": [0.07888539135456085, 0.07145668566226959, 0.10296470671892166], "response_bytes_per_second": 295.8206391585018}
{"step": 35, "seen_response_bytes": 1110686, "seconds": 93.84732586098835, "spike_rate": [0.17845891416072845, 0.2130952775478363, 0.21121342480182648], "teacher_difference_rate": [0.09505750238895416, 0.08301663398742676, 0.1267765313386917], "response_bytes_per_second": 383.1435756972066}
{"step": 36, "seen_response_bytes": 1125716, "seconds": 73.72801026608795, "spike_rate": [0.18294081091880798, 0.21584397554397583, 0.2151394635438919], "teacher_difference_rate": [0.05505545437335968, 0.04675661772489548, 0.07730458676815033], "response_bytes_per_second": 203.85739348934013}
{"step": 37, "seen_response_bytes": 1189341, "seconds": 118.53856017393991, "spike_rate": [0.18626436591148376, 0.21751347184181213, 0.21809333562850952], "teacher_difference_rate": [0.1442612111568451, 0.12115197628736496, 0.20540469884872437], "response_bytes_per_second": 536.7451731034913}
{"step": 38, "seen_response_bytes": 1241192, "seconds": 110.7871995777823, "spike_rate": [0.19026702642440796, 0.21895445883274078, 0.21896840631961823], "teacher_difference_rate": [0.11470348387956619, 0.09562069177627563, 0.16770057380199432], "response_bytes_per_second": 468.02338354618365}
{"step": 39, "seen_response_bytes": 1252454, "seconds": 69.89212334901094, "spike_rate": [0.20108498632907867, 0.22290021181106567, 0.21350549161434174], "teacher_difference_rate": [0.033869482576847076, 0.024516630917787552, 0.05102581903338432], "response_bytes_per_second": 161.134037146968}
{"step": 40, "seen_response_bytes": 1317990, "dev_h1": 5.627054320567171, "dev_mean_h": 5.162932759577388, "seconds": 89.08075838722289, "spike_rate": [0.21339060366153717, 0.22783222794532776, 0.20670390129089355], "teacher_difference_rate": [0.08939531445503235, 0.056796662509441376, 0.1352517306804657], "response_bytes_per_second": 735.6919854130925}
{"step": 41, "seen_response_bytes": 1319858, "seconds": 60.32388493185863, "spike_rate": [0.20582658052444458, 0.2243095338344574, 0.21371668577194214], "teacher_difference_rate": [0.004091157577931881, 0.0035278229042887688, 0.0075759077444672585], "response_bytes_per_second": 30.96617537332149}
{"step": 42, "seen_response_bytes": 1339388, "seconds": 78.09738251613453, "spike_rate": [0.21201592683792114, 0.22648650407791138, 0.21069037914276123], "teacher_difference_rate": [0.04604189842939377, 0.03163691237568855, 0.07491461932659149], "response_bytes_per_second": 250.07240154258946}
{"step": 43, "seen_response_bytes": 1347148, "seconds": 66.21585341216996, "spike_rate": [0.21522340178489685, 0.22746479511260986, 0.20986494421958923], "teacher_difference_rate": [0.01688043400645256, 0.01198280043900013, 0.02949783019721508], "response_bytes_per_second": 117.19247884183838}
{"step": 44, "seen_response_bytes": 1390042, "seconds": 100.69502289500087, "spike_rate": [0.2162928581237793, 0.22755686938762665, 0.21041080355644226], "teacher_difference_rate": [0.06279988586902618, 0.04331498593091965, 0.1062396764755249], "response_bytes_per_second": 425.97934601720544}
{"step": 45, "seen_response_bytes": 1455578, "seconds": 117.32544696005061, "spike_rate": [0.21527621150016785, 0.22661404311656952, 0.2118402123451233], "teacher_difference_rate": [0.0631413459777832, 0.045401886105537415, 0.10991319268941879], "response_bytes_per_second": 558.582998812824}
{"step": 46, "seen_response_bytes": 1521114, "seconds": 79.13543945597485, "spike_rate": [0.21926197409629822, 0.22827684879302979, 0.21135666966438293], "teacher_difference_rate": [0.07726261019706726, 0.054131895303726196, 0.14932876825332642], "response_bytes_per_second": 828.1498207444646}
{"step": 47, "seen_response_bytes": 1521541, "seconds": 59.463287063874304, "spike_rate": [0.21434669196605682, 0.2252528965473175, 0.21348083019256592], "teacher_difference_rate": [0.0005358033231459558, 0.0006618026527576149, 0.0018192894058302045], "response_bytes_per_second": 7.1809013777076425}
{"step": 48, "seen_response_bytes": 1551114, "seconds": 87.87248935410753, "spike_rate": [0.21756300330162048, 0.22629520297050476, 0.213334858417511], "teacher_difference_rate": [0.048272885382175446, 0.03552597016096115, 0.09235125780105591], "response_bytes_per_second": 336.5444659343503}
{"step": 49, "seen_response_bytes": 1552853, "seconds": 59.98514648573473, "spike_rate": [0.2173679769039154, 0.22560106217861176, 0.21389254927635193], "teacher_difference_rate": [0.0026043057441711426, 0.0024044520687311888, 0.0064316000789403915], "response_bytes_per_second": 28.990510182609246}
{"step": 50, "seen_response_bytes": 1583681, "seconds": 89.01277602324262, "spike_rate": [0.21932989358901978, 0.2259451150894165, 0.2137879729270935], "teacher_difference_rate": [0.04600207507610321, 0.0342688113451004, 0.0943894013762474], "response_bytes_per_second": 346.3323061843429}
{"step": 51, "seen_response_bytes": 1594290, "seconds": 69.3551286039874, "spike_rate": [0.21921533346176147, 0.22521793842315674, 0.21371912956237793], "teacher_difference_rate": [0.020053429529070854, 0.015486055053770542, 0.042713284492492676], "response_bytes_per_second": 152.96633736456027}
{"step": 52, "seen_response_bytes": 1648885, "seconds": 113.43422412127256, "spike_rate": [0.2192527949810028, 0.22466588020324707, 0.21307367086410522], "teacher_difference_rate": [0.058017171919345856, 0.04415295273065567, 0.12496736645698547], "response_bytes_per_second": 481.29213579873806}
{"step": 53, "seen_response_bytes": 1649252, "seconds": 58.188491275999695, "spike_rate": [0.21941393613815308, 0.22429132461547852, 0.21238842606544495], "teacher_difference_rate": [0.00033486378379166126, 0.0004457826726138592, 0.001570024760439992], "response_bytes_per_second": 6.307089115942968}
{"step": 54, "seen_response_bytes": 1663602, "seconds": 72.58941347384825, "spike_rate": [0.2204427719116211, 0.22450755536556244, 0.21135592460632324], "teacher_difference_rate": [0.02495221607387066, 0.019349616020917892, 0.05711783468723297], "response_bytes_per_second": 197.68722893965614}
{"step": 55, "seen_response_bytes": 1688467, "seconds": 83.0994162587449, "spike_rate": [0.22084291279315948, 0.22453270852565765, 0.21016913652420044], "teacher_difference_rate": [0.03448517620563507, 0.025249570608139038, 0.07597746700048447], "response_bytes_per_second": 299.2199117570017}
{"step": 56, "seen_response_bytes": 1695852, "seconds": 65.66807487094775, "spike_rate": [0.2205054759979248, 0.22428014874458313, 0.208780437707901], "teacher_difference_rate": [0.012217934243381023, 0.009462038055062294, 0.028792403638362885], "response_bytes_per_second": 112.45951726943655}
{"step": 57, "seen_response_bytes": 1761388, "seconds": 94.36094310879707, "spike_rate": [0.22055009007453918, 0.22440385818481445, 0.20805755257606506], "teacher_difference_rate": [0.05557907372713089, 0.04104221612215042, 0.12709441781044006], "response_bytes_per_second": 694.5246395475059}
{"step": 58, "seen_response_bytes": 1826049, "seconds": 118.44117996096611, "spike_rate": [0.22113877534866333, 0.22477832436561584, 0.2064342200756073], "teacher_difference_rate": [0.06004216521978378, 0.04340658336877823, 0.1400972455739975], "response_bytes_per_second": 545.9334331295071}
{"step": 59, "seen_response_bytes": 1863365, "seconds": 95.01358767971396, "spike_rate": [0.2205832600593567, 0.22443534433841705, 0.20510724186897278], "teacher_difference_rate": [0.038754791021347046, 0.027909303084015846, 0.08955594152212143], "response_bytes_per_second": 392.74382655447516}
{"step": 60, "seen_response_bytes": 1928901, "dev_h1": 4.844389537812897, "dev_mean_h": 4.780699971346571, "seconds": 117.13255152618513, "spike_rate": [0.21987418830394745, 0.2241179347038269, 0.2041761875152588], "teacher_difference_rate": [0.04370192438364029, 0.03199595585465431, 0.09745720773935318], "response_bytes_per_second": 559.5028806774465}
{"step": 61, "seen_response_bytes": 1933304, "seconds": 62.89244047598913, "spike_rate": [0.21977099776268005, 0.2239271104335785, 0.20262113213539124], "teacher_difference_rate": [0.006098219193518162, 0.004875639453530312, 0.015201115049421787], "response_bytes_per_second": 70.0084138360152}
{"step": 62, "seen_response_bytes": 1998840, "seconds": 80.23704275488853, "spike_rate": [0.22131921350955963, 0.22574517130851746, 0.20363101363182068], "teacher_difference_rate": [0.05128752440214157, 0.0346003957092762, 0.12417745590209961], "response_bytes_per_second": 816.7798531683441}
{"step": 63, "seen_response_bytes": 2043468, "seconds": 103.36959996866062, "spike_rate": [0.21988549828529358, 0.22458581626415253, 0.20237340033054352], "teacher_difference_rate": [0.040818024426698685, 0.028259072452783585, 0.09012775123119354], "response_bytes_per_second": 431.7323469717424}
{"step": 64, "seen_response_bytes": 2062340, "seconds": 78.13446747185662, "spike_rate": [0.21915291249752045, 0.22402513027191162, 0.20184355974197388], "teacher_difference_rate": [0.026078661903738976, 0.018187029287219048, 0.05737406760454178], "response_bytes_per_second": 241.53233023310148}
{"step": 65, "seen_response_bytes": 2088701, "seconds": 83.74678055895492, "spike_rate": [0.22027601301670074, 0.2248673141002655, 0.20103545486927032], "teacher_difference_rate": [0.02952929027378559, 0.020348049700260162, 0.06712323427200317], "response_bytes_per_second": 314.77030906809296}
{"step": 66, "seen_response_bytes": 2090783, "seconds": 60.19284063624218, "spike_rate": [0.21984875202178955, 0.22380560636520386, 0.1987033486366272], "teacher_difference_rate": [0.0023528127931058407, 0.0020062450785189867, 0.006515217013657093], "response_bytes_per_second": 34.58883112996706}
{"step": 67, "seen_response_bytes": 2156319, "seconds": 117.37793643632904, "spike_rate": [0.21939212083816528, 0.22417664527893066, 0.20065471529960632], "teacher_difference_rate": [0.041191719472408295, 0.02918296307325363, 0.09164057672023773], "response_bytes_per_second": 558.3332097131356}
{"step": 68, "seen_response_bytes": 2161363, "seconds": 63.62675157515332, "spike_rate": [0.2187824249267578, 0.2233964055776596, 0.19975696504116058], "teacher_difference_rate": [0.006814748048782349, 0.005238405428826809, 0.016550933942198753], "response_bytes_per_second": 79.27483134263476}
{"step": 69, "seen_response_bytes": 2161834, "seconds": 58.410355696920305, "spike_rate": [0.21998175978660583, 0.22460532188415527, 0.2010040581226349], "teacher_difference_rate": [0.00036136008566245437, 0.00041930057341232896, 0.001613319618627429], "response_bytes_per_second": 8.063638619903722}
{"step": 70, "seen_response_bytes": 2193728, "seconds": 90.36821806710213, "spike_rate": [0.22132404148578644, 0.2257537692785263, 0.20192377269268036], "teacher_difference_rate": [0.03044823370873928, 0.020011451095342636, 0.06971967220306396], "response_bytes_per_second": 352.9338154739024}
{"step": 71, "seen_response_bytes": 2215428, "seconds": 80.27276472374797, "spike_rate": [0.22111330926418304, 0.22562259435653687, 0.20301100611686707], "teacher_difference_rate": [0.02361377514898777, 0.015945060178637505, 0.05377442017197609], "response_bytes_per_second": 270.3282997001379}
{"step": 72, "seen_response_bytes": 2280889, "seconds": 113.26917766686529, "spike_rate": [0.22260966897010803, 0.22760838270187378, 0.20574253797531128], "teacher_difference_rate": [0.044900454580783844, 0.02857758104801178, 0.10243872553110123], "response_bytes_per_second": 577.9242098192557}
{"step": 73, "seen_response_bytes": 2339909, "seconds": 117.3526750090532, "spike_rate": [0.22186951339244843, 0.22656705975532532, 0.20470306277275085], "teacher_difference_rate": [0.03805515170097351, 0.025068361312150955, 0.08389207720756531], "response_bytes_per_second": 502.928458984398}
{"step": 74, "seen_response_bytes": 2405445, "seconds": 80.01757083507255, "spike_rate": [0.22215968370437622, 0.22659410536289215, 0.20497161149978638], "teacher_difference_rate": [0.04574016481637955, 0.027942141517996788, 0.09568890929222107], "response_bytes_per_second": 819.0201141581629}
{"step": 75, "seen_response_bytes": 2453299, "seconds": 106.8924832069315, "spike_rate": [0.22196711599826813, 0.2259412705898285, 0.20404794812202454], "teacher_difference_rate": [0.03545984998345375, 0.022883284837007523, 0.0769876018166542], "response_bytes_per_second": 447.68349059082277}
{"step": 76, "seen_response_bytes": 2464905, "seconds": 70.36333181057125, "spike_rate": [0.21962854266166687, 0.2228735238313675, 0.2001076489686966], "teacher_difference_rate": [0.015390422195196152, 0.010415390133857727, 0.032446540892124176], "response_bytes_per_second": 164.943866376952}
{"step": 77, "seen_response_bytes": 2481321, "seconds": 75.31959109101444, "spike_rate": [0.21972212195396423, 0.2229890674352646, 0.20062421262264252], "teacher_difference_rate": [0.020777393132448196, 0.013767044991254807, 0.04243067279458046], "response_bytes_per_second": 217.95126290799013}
{"step": 78, "seen_response_bytes": 2520827, "seconds": 98.17568952403963, "spike_rate": [0.22043576836585999, 0.22351188957691193, 0.20135794579982758], "teacher_difference_rate": [0.0339435338973999, 0.021863311529159546, 0.06960893422365189], "response_bytes_per_second": 402.40104440851854}
{"step": 79, "seen_response_bytes": 2586363, "seconds": 88.1915621268563, "spike_rate": [0.22171059250831604, 0.22496923804283142, 0.20515844225883484], "teacher_difference_rate": [0.04196435958147049, 0.023887954652309418, 0.0821886658668518], "response_bytes_per_second": 743.1096401913355}
{"step": 80, "seen_response_bytes": 2594669, "dev_h1": 4.7572380711710265, "dev_mean_h": 4.730967407142779, "seconds": 67.12456826819107, "spike_rate": [0.2190990149974823, 0.2220173478126526, 0.20073895156383514], "teacher_difference_rate": [0.011190813034772873, 0.007810681592673063, 0.02414827048778534], "response_bytes_per_second": 123.74008823139113}
{"step": 81, "seen_response_bytes": 2610587, "seconds": 74.23299462720752, "spike_rate": [0.2214147001504898, 0.22417598962783813, 0.2033129632472992], "teacher_difference_rate": [0.01652182638645172, 0.010603055357933044, 0.03662353754043579], "response_bytes_per_second": 214.43294965990515}
{"step": 82, "seen_response_bytes": 2656312, "seconds": 103.92469149734825, "spike_rate": [0.22270697355270386, 0.2259516566991806, 0.20729179680347443], "teacher_difference_rate": [0.028874732553958893, 0.017306435853242874, 0.06552321463823318], "response_bytes_per_second": 439.98206144462523}
{"step": 83, "seen_response_bytes": 2721848, "seconds": 117.12580386409536, "spike_rate": [0.22108140587806702, 0.2236693799495697, 0.20246490836143494], "teacher_difference_rate": [0.03471342474222183, 0.02254931628704071, 0.07192747294902802], "response_bytes_per_second": 559.5351138511153}
{"step": 84, "seen_response_bytes": 2754000, "seconds": 90.12642644811422, "spike_rate": [0.22103101015090942, 0.22421996295452118, 0.2060634195804596], "teacher_difference_rate": [0.02683185786008835, 0.017327871173620224, 0.0573127344250679], "response_bytes_per_second": 356.7433134443637}
{"step": 85, "seen_response_bytes": 2792148, "seconds": 95.44372758781537, "spike_rate": [0.222362220287323, 0.2252746820449829, 0.20604172348976135], "teacher_difference_rate": [0.026908449828624725, 0.01631224900484085, 0.05800950527191162], "response_bytes_per_second": 399.6910112809769}
{"step": 86, "seen_response_bytes": 2857684, "seconds": 80.04635246889666, "spike_rate": [0.22357097268104553, 0.2274751365184784, 0.21208256483078003], "teacher_difference_rate": [0.03462519869208336, 0.020169639959931374, 0.08049307763576508], "response_bytes_per_second": 818.7256255738212}
{"step": 87, "seen_response_bytes": 2923220, "seconds": 92.62693115696311, "spike_rate": [0.22294002771377563, 0.22690251469612122, 0.210729718208313], "teacher_difference_rate": [0.03327767550945282, 0.019817305728793144, 0.07418496906757355], "response_bytes_per_second": 707.5264092356083}
{"step": 88, "seen_response_bytes": 2979601, "seconds": 113.83133922284469, "spike_rate": [0.22197771072387695, 0.22576802968978882, 0.2081531137228012], "teacher_difference_rate": [0.03092941828072071, 0.019256358966231346, 0.06805099546909332], "response_bytes_per_second": 495.3029665198295}
{"step": 89, "seen_response_bytes": 3000220, "seconds": 79.18458160804585, "spike_rate": [0.2222762107849121, 0.22591876983642578, 0.20641329884529114], "teacher_difference_rate": [0.018418841063976288, 0.01134526077657938, 0.04171091318130493], "response_bytes_per_second": 260.3916012597196}
{"step": 90, "seen_response_bytes": 3001733, "seconds": 59.900927970185876, "spike_rate": [0.22058117389678955, 0.2235487848520279, 0.19990307092666626], "teacher_difference_rate": [0.001238927012309432, 0.0010202538687735796, 0.0035937889479100704], "response_bytes_per_second": 25.258373305219184}
{"step": 91, "seen_response_bytes": 3012996, "seconds": 70.19334947410971, "spike_rate": [0.2216639667749405, 0.22611141204833984, 0.20708179473876953], "teacher_difference_rate": [0.011633660644292831, 0.00736131239682436, 0.026765527203679085], "response_bytes_per_second": 160.45679661082812}
{"step": 92, "seen_response_bytes": 3017151, "seconds": 62.52040943875909, "spike_rate": [0.22092494368553162, 0.22492386400699615, 0.20332551002502441], "teacher_difference_rate": [0.004125051200389862, 0.0028959703631699085, 0.010117163881659508], "response_bytes_per_second": 66.45829797499914}
{"step": 93, "seen_response_bytes": 3017521, "seconds": 58.0541806621477, "spike_rate": [0.2198190689086914, 0.22431476414203644, 0.20450082421302795], "teacher_difference_rate": [0.00018487613124307245, 0.00022950103448238224, 0.0009796558879315853], "response_bytes_per_second": 6.3733566778463935}
{"step": 94, "seen_response_bytes": 3082407, "seconds": 118.25836902484298, "spike_rate": [0.2225453108549118, 0.22839193046092987, 0.21332719922065735], "teacher_difference_rate": [0.03313197195529938, 0.02118726633489132, 0.08468456566333771], "response_bytes_per_second": 548.6799837935289}
{"step": 95, "seen_response_bytes": 3108026, "seconds": 84.37237610016018, "spike_rate": [0.2209208905696869, 0.22676071524620056, 0.21020473539829254], "teacher_difference_rate": [0.020425081253051758, 0.013264186680316925, 0.0468093678355217], "response_bytes_per_second": 303.6420352745211}
{"step": 96, "seen_response_bytes": 3115620, "seconds": 65.65006653312594, "spike_rate": [0.22074264287948608, 0.22653162479400635, 0.20955578982830048], "teacher_difference_rate": [0.007969899103045464, 0.005274477414786816, 0.018965307623147964], "response_bytes_per_second": 115.67391171139474}
{"step": 97, "seen_response_bytes": 3181156, "seconds": 117.26103578880429, "spike_rate": [0.2206033319234848, 0.22681978344917297, 0.210002601146698], "teacher_difference_rate": [0.03137105330824852, 0.019918197765946388, 0.0664103627204895], "response_bytes_per_second": 558.8898269501485}
{"step": 98, "seen_response_bytes": 3184966, "seconds": 62.60602682083845, "spike_rate": [0.2187749743461609, 0.2248024046421051, 0.20645278692245483], "teacher_difference_rate": [0.003957308363169432, 0.0028985897079110146, 0.0093688340857625], "response_bytes_per_second": 60.856760817983094}
{"step": 99, "seen_response_bytes": 3201290, "seconds": 75.18471425771713, "spike_rate": [0.21928119659423828, 0.22598692774772644, 0.20916102826595306], "teacher_difference_rate": [0.016995681449770927, 0.01104042585939169, 0.036220449954271317], "response_bytes_per_second": 217.11860131628373}
{"step": 100, "seen_response_bytes": 3202693, "dev_h1": 4.788512681243482, "dev_mean_h": 4.750728399852772, "seconds": 59.49481774121523, "spike_rate": [0.21890267729759216, 0.22555893659591675, 0.206725612282753], "teacher_difference_rate": [0.0012755781644955277, 0.0010807050857692957, 0.0036732545122504234], "response_bytes_per_second": 23.58188583924457}
{"step": 101, "seen_response_bytes": 3235089, "seconds": 89.92278371891007, "spike_rate": [0.21984241902828217, 0.22714048624038696, 0.21102282404899597], "teacher_difference_rate": [0.02824191004037857, 0.01603616029024124, 0.05480628460645676], "response_bytes_per_second": 360.26464773673786}
{"step": 102, "seen_response_bytes": 3300625, "seconds": 90.99063208280131, "spike_rate": [0.2209145426750183, 0.2290789783000946, 0.21652868390083313], "teacher_difference_rate": [0.0352032333612442, 0.019770614802837372, 0.073381707072258], "response_bytes_per_second": 720.2499696931698}
{"step": 103, "seen_response_bytes": 3321774, "seconds": 78.97500396799296, "spike_rate": [0.2197679579257965, 0.22794780135154724, 0.2111092209815979], "teacher_difference_rate": [0.019225161522626877, 0.011363560333848, 0.03838624060153961], "response_bytes_per_second": 267.79359211645345}
{"step": 104, "seen_response_bytes": 3322199, "seconds": 58.00905810715631, "spike_rate": [0.21987740695476532, 0.2278991937637329, 0.2066790759563446], "teacher_difference_rate": [0.00020356717868708074, 0.0002488520694896579, 0.0010825296631082892], "response_bytes_per_second": 7.326442005228313}
{"step": 105, "seen_response_bytes": 3362138, "seconds": 98.85128271812573, "spike_rate": [0.21939533948898315, 0.22824940085411072, 0.21028296649456024], "teacher_difference_rate": [0.029141385108232498, 0.01759745366871357, 0.05807369202375412], "response_bytes_per_second": 404.031175942208}
{"step": 106, "seen_response_bytes": 3427547, "seconds": 95.11707607284188, "spike_rate": [0.22021153569221497, 0.22991129755973816, 0.21459798514842987], "teacher_difference_rate": [0.04252098500728607, 0.024140046909451485, 0.08940261602401733], "response_bytes_per_second": 687.668320984856}
{"step": 107, "seen_response_bytes": 3476521, "seconds": 107.22233679890633, "spike_rate": [0.2189479023218155, 0.22861045598983765, 0.2124411165714264], "teacher_difference_rate": [0.03270255774259567, 0.019476769492030144, 0.06480835378170013], "response_bytes_per_second": 456.7518435253832}
{"step": 108, "seen_response_bytes": 3542057, "seconds": 79.70668593095616, "spike_rate": [0.22009000182151794, 0.2304164469242096, 0.21609042584896088], "teacher_difference_rate": [0.03866782411932945, 0.02038150653243065, 0.07938267290592194], "response_bytes_per_second": 822.2145888334745}
{"step": 109, "seen_response_bytes": 3553344, "seconds": 71.01539001893252, "spike_rate": [0.21796466410160065, 0.22794440388679504, 0.21024152636528015], "teacher_difference_rate": [0.013081856071949005, 0.008335163816809654, 0.02642849087715149], "response_bytes_per_second": 158.9373795875924}
{"step": 110, "seen_response_bytes": 3560570, "seconds": 65.32272374490276, "spike_rate": [0.21912305057048798, 0.22908660769462585, 0.20924872159957886], "teacher_difference_rate": [0.0077465130016207695, 0.005138699896633625, 0.017829569056630135], "response_bytes_per_second": 110.62000458246135}
{"step": 111, "seen_response_bytes": 3586528, "seconds": 84.74158870894462, "spike_rate": [0.2202652543783188, 0.2309819757938385, 0.2137940376996994], "teacher_difference_rate": [0.020067822188138962, 0.011971062049269676, 0.043982673436403275], "response_bytes_per_second": 306.319487225522}
{"step": 112, "seen_response_bytes": 3645435, "seconds": 116.97530127130449, "spike_rate": [0.21967288851737976, 0.23049521446228027, 0.21177496016025543], "teacher_difference_rate": [0.03077099286019802, 0.018446605652570724, 0.06378138810396194], "response_bytes_per_second": 503.58493938284585}
{"step": 113, "seen_response_bytes": 3645901, "seconds": 58.54563503013924, "spike_rate": [0.2184668481349945, 0.2288374900817871, 0.20685404539108276], "teacher_difference_rate": [0.0002359824866289273, 0.00028037145966663957, 0.0011103218421339989], "response_bytes_per_second": 7.959602791226086}
{"step": 114, "seen_response_bytes": 3647692, "seconds": 60.31624383293092, "spike_rate": [0.21897584199905396, 0.22948330640792847, 0.2063511312007904], "teacher_difference_rate": [0.001329950988292694, 0.0010536030167713761, 0.0036089885979890823], "response_bytes_per_second": 29.69349359620046}
{"step": 115, "seen_response_bytes": 3704174, "seconds": 116.34524910105392, "spike_rate": [0.21949203312397003, 0.23105108737945557, 0.21318379044532776], "teacher_difference_rate": [0.03027605451643467, 0.01638500578701496, 0.06200395151972771], "response_bytes_per_second": 485.4688991291897}
{"stopped": "SIGTERM", "step": 115, "seen_response_bytes": 3704174}
