{"step": 0, "dev_h1": 4.644038805340949, "dev_mean_h": 4.609987902453954}
{"step": 1, "seen_response_bytes": 840, "seconds": 1.3545361864380538, "spike_rate": [0.14603890478610992, 0.1397033929824829, 0.1422642171382904], "teacher_difference_rate": [0.07480691373348236, 0.08487004786729813, 0.10879001021385193], "response_bytes_per_second": 620.1384713160745}
{"step": 2, "seen_response_bytes": 1837, "seconds": 1.284620233811438, "spike_rate": [0.14650239050388336, 0.140535369515419, 0.14495936036109924], "teacher_difference_rate": [0.08297760784626007, 0.09385471045970917, 0.12032710760831833], "response_bytes_per_second": 776.104854772468}
{"step": 3, "seen_response_bytes": 2861, "seconds": 1.310789250768721, "spike_rate": [0.14705003798007965, 0.14182071387767792, 0.14790308475494385], "teacher_difference_rate": [0.08445246517658234, 0.09567669034004211, 0.1237504631280899], "response_bytes_per_second": 781.2087255060021}
{"step": 4, "seen_response_bytes": 3857, "seconds": 1.2944380519911647, "spike_rate": [0.14732985198497772, 0.143149733543396, 0.15076780319213867], "teacher_difference_rate": [0.08349122107028961, 0.09550382196903229, 0.1225970908999443], "response_bytes_per_second": 769.4458598987464}
{"step": 5, "seen_response_bytes": 4801, "seconds": 1.3134265742264688, "spike_rate": [0.14816033840179443, 0.14453125, 0.15354442596435547], "teacher_difference_rate": [0.08169405162334442, 0.09357939660549164, 0.12102720141410828], "response_bytes_per_second": 718.7306991682885}
{"step": 6, "seen_response_bytes": 5726, "seconds": 1.3152431333437562, "spike_rate": [0.1489482820034027, 0.1459549218416214, 0.15633639693260193], "teacher_difference_rate": [0.081478051841259, 0.09345749020576477, 0.12126956880092621], "response_bytes_per_second": 703.2920199692379}
{"step": 7, "seen_response_bytes": 6641, "seconds": 1.3118481296114624, "spike_rate": [0.1494612991809845, 0.1471729874610901, 0.15900903940200806], "teacher_difference_rate": [0.08137969672679901, 0.09335591644048691, 0.1214771568775177], "response_bytes_per_second": 697.4892743651667}
{"step": 8, "seen_response_bytes": 7540, "seconds": 1.3566109109669924, "spike_rate": [0.15026208758354187, 0.14848819375038147, 0.16167718172073364], "teacher_difference_rate": [0.08071465790271759, 0.09300234168767929, 0.12135235965251923], "response_bytes_per_second": 662.6807972222431}
{"step": 9, "seen_response_bytes": 8558, "seconds": 1.3280779458582401, "spike_rate": [0.1507333517074585, 0.14972689747810364, 0.1642119288444519], "teacher_difference_rate": [0.08641903847455978, 0.10015164315700531, 0.13087673485279083], "response_bytes_per_second": 766.5212747299562}
{"step": 10, "seen_response_bytes": 9490, "seconds": 1.3178419158793986, "spike_rate": [0.151546910405159, 0.15124738216400146, 0.1667546033859253], "teacher_difference_rate": [0.08308583498001099, 0.09640434384346008, 0.12665563821792603], "response_bytes_per_second": 707.2168435150088}
{"step": 11, "seen_response_bytes": 10393, "seconds": 1.3393618096597493, "spike_rate": [0.15226146578788757, 0.152641162276268, 0.16916708648204803], "teacher_difference_rate": [0.08181406557559967, 0.09534796327352524, 0.12533216178417206], "response_bytes_per_second": 674.2016932895807}
{"step": 12, "seen_response_bytes": 11292, "seconds": 1.3226405857130885, "spike_rate": [0.1532209813594818, 0.15403416752815247, 0.17152677476406097], "teacher_difference_rate": [0.08202510327100754, 0.09587980061769485, 0.12607334554195404], "response_bytes_per_second": 679.7009026570231}
{"step": 13, "seen_response_bytes": 12187, "seconds": 1.3041002470999956, "spike_rate": [0.1538468301296234, 0.1554587036371231, 0.1737803965806961], "teacher_difference_rate": [0.08243973553180695, 0.09621783345937729, 0.12654002010822296], "response_bytes_per_second": 686.2969330695736}
{"step": 14, "seen_response_bytes": 13182, "seconds": 1.2974866232834756, "spike_rate": [0.1546352356672287, 0.15678337216377258, 0.17595773935317993], "teacher_difference_rate": [0.08790867030620575, 0.10253565013408661, 0.1348801851272583], "response_bytes_per_second": 766.8672509948581}
{"step": 15, "seen_response_bytes": 14029, "seconds": 1.3178601642139256, "spike_rate": [0.15548086166381836, 0.15829209983348846, 0.17829293012619019], "teacher_difference_rate": [0.08081304281949997, 0.09460969269275665, 0.12483469396829605], "response_bytes_per_second": 642.708553608354}
{"step": 16, "seen_response_bytes": 15024, "seconds": 1.2905085212551057, "spike_rate": [0.15622854232788086, 0.15960434079170227, 0.18019942939281464], "teacher_difference_rate": [0.08887206017971039, 0.10395149886608124, 0.13708147406578064], "response_bytes_per_second": 771.0138938348862}
{"step": 17, "seen_response_bytes": 15861, "seconds": 1.3103693197481334, "spike_rate": [0.15727049112319946, 0.16129054129123688, 0.18254995346069336], "teacher_difference_rate": [0.08115366101264954, 0.09499914944171906, 0.12570872902870178], "response_bytes_per_second": 638.7512187486808}
{"step": 18, "seen_response_bytes": 16779, "seconds": 1.3269117949530482, "spike_rate": [0.15790751576423645, 0.1626732051372528, 0.1844562292098999], "teacher_difference_rate": [0.08587057888507843, 0.10086937248706818, 0.13295093178749084], "response_bytes_per_second": 691.8319691569874}
{"step": 19, "seen_response_bytes": 17801, "seconds": 1.3321673851460218, "spike_rate": [0.15869861841201782, 0.1641356348991394, 0.18640269339084625], "teacher_difference_rate": [0.09065578877925873, 0.10727371275424957, 0.1417093276977539], "response_bytes_per_second": 767.1708611061487}
{"step": 20, "seen_response_bytes": 18825, "seconds": 1.325796425808221, "spike_rate": [0.15947043895721436, 0.16566333174705505, 0.18836170434951782], "teacher_difference_rate": [0.09116585552692413, 0.10825858265161514, 0.1425747573375702], "response_bytes_per_second": 772.3659379876194}
{"step": 21, "seen_response_bytes": 19788, "seconds": 1.3209012909792364, "spike_rate": [0.16050010919570923, 0.16725924611091614, 0.19034001231193542], "teacher_difference_rate": [0.08925612270832062, 0.10544298589229584, 0.1391812115907669], "response_bytes_per_second": 729.0476635737784}
{"step": 22, "seen_response_bytes": 20641, "seconds": 1.3173775882460177, "spike_rate": [0.16159091889858246, 0.16890281438827515, 0.19233086705207825], "teacher_difference_rate": [0.08423206210136414, 0.09948238730430603, 0.1313195824623108], "response_bytes_per_second": 647.4984906458754}
{"step": 23, "seen_response_bytes": 21469, "seconds": 1.320090473163873, "spike_rate": [0.16277584433555603, 0.17062078416347504, 0.19419124722480774], "teacher_difference_rate": [0.0834418386220932, 0.09882695227861404, 0.1297062188386917], "response_bytes_per_second": 627.2297367736659}
{"step": 24, "seen_response_bytes": 22464, "seconds": 1.3024360849522054, "spike_rate": [0.1631600558757782, 0.17200468480587006, 0.1957293599843979], "teacher_difference_rate": [0.09217521548271179, 0.10974310338497162, 0.14316025376319885], "response_bytes_per_second": 763.9530350055626}
{"step": 25, "seen_response_bytes": 23276, "seconds": 1.3163861958310008, "spike_rate": [0.1647402048110962, 0.1737412065267563, 0.19775445759296417], "teacher_difference_rate": [0.08286240696907043, 0.09857593476772308, 0.12998852133750916], "response_bytes_per_second": 616.8402574955636}
{"step": 26, "seen_response_bytes": 24227, "seconds": 1.3255485561676323, "spike_rate": [0.1657743602991104, 0.175301194190979, 0.19921228289604187], "teacher_difference_rate": [0.09108352661132812, 0.10828427970409393, 0.14219926297664642], "response_bytes_per_second": 717.4388260430756}
{"step": 27, "seen_response_bytes": 25002, "seconds": 1.2954213391058147, "spike_rate": [0.16683882474899292, 0.17710013687610626, 0.2010190784931183], "teacher_difference_rate": [0.08170810341835022, 0.09761353582143784, 0.12768706679344177], "response_bytes_per_second": 598.2609492406201}
{"step": 28, "seen_response_bytes": 25910, "seconds": 1.2960870880633593, "spike_rate": [0.16806967556476593, 0.1787501871585846, 0.20249399542808533], "teacher_difference_rate": [0.08998697251081467, 0.10710994899272919, 0.14012806117534637], "response_bytes_per_second": 700.5702073282381}
{"step": 29, "seen_response_bytes": 26880, "seconds": 1.3073514653369784, "spike_rate": [0.16924302279949188, 0.18040338158607483, 0.20395345985889435], "teacher_difference_rate": [0.09364385902881622, 0.11159028857946396, 0.14565148949623108], "response_bytes_per_second": 741.9580929218419}
{"step": 30, "seen_response_bytes": 27801, "seconds": 1.315480805002153, "spike_rate": [0.17042812705039978, 0.1822243332862854, 0.20555095374584198], "teacher_difference_rate": [0.0918252244591713, 0.10937601327896118, 0.14288339018821716], "response_bytes_per_second": 700.1242408842999}
{"step": 31, "seen_response_bytes": 28805, "seconds": 1.3318358222022653, "spike_rate": [0.17157697677612305, 0.18379226326942444, 0.20696911215782166], "teacher_difference_rate": [0.09670007228851318, 0.11460872739553452, 0.1498033106327057], "response_bytes_per_second": 753.846670334959}
{"step": 32, "seen_response_bytes": 29771, "seconds": 1.302695896010846, "spike_rate": [0.17267347872257233, 0.1854781210422516, 0.20840704441070557], "teacher_difference_rate": [0.09501004219055176, 0.11319566518068314, 0.14748963713645935], "response_bytes_per_second": 741.5391442915526}
{"step": 33, "seen_response_bytes": 30718, "seconds": 1.3105200752615929, "spike_rate": [0.17391255497932434, 0.1872347593307495, 0.20983606576919556], "teacher_difference_rate": [0.09450128674507141, 0.11294707655906677, 0.1461237370967865], "response_bytes_per_second": 722.6138827449624}
{"step": 34, "seen_response_bytes": 31742, "seconds": 1.3453488470986485, "spike_rate": [0.17491956055164337, 0.18885335326194763, 0.2110590934753418], "teacher_difference_rate": [0.09891588240861893, 0.11771854758262634, 0.15201695263385773], "response_bytes_per_second": 761.1408759953504}
{"step": 35, "seen_response_bytes": 32733, "seconds": 1.3855297351256013, "spike_rate": [0.1765599548816681, 0.19058993458747864, 0.21242555975914001], "teacher_difference_rate": [0.09835435450077057, 0.11746791750192642, 0.15091775357723236], "response_bytes_per_second": 715.2498967553112}
{"step": 36, "seen_response_bytes": 33682, "seconds": 1.4165050759911537, "spike_rate": [0.1777089238166809, 0.19231843948364258, 0.2135767638683319], "teacher_difference_rate": [0.0969112291932106, 0.11492548882961273, 0.14818400144577026], "response_bytes_per_second": 669.9587711226293}
{"step": 37, "seen_response_bytes": 34635, "seconds": 1.4982427121140063, "spike_rate": [0.17905306816101074, 0.1941327601671219, 0.2148517221212387], "teacher_difference_rate": [0.09715527296066284, 0.11605358123779297, 0.14908389747142792], "response_bytes_per_second": 636.0785153797451}
{"step": 38, "seen_response_bytes": 35627, "seconds": 1.3076419867575169, "spike_rate": [0.18022853136062622, 0.195797860622406, 0.21597999334335327], "teacher_difference_rate": [0.10047217458486557, 0.11937159299850464, 0.15233692526817322], "response_bytes_per_second": 758.6174274350154}
{"step": 39, "seen_response_bytes": 36589, "seconds": 1.3046132363379002, "spike_rate": [0.18177101016044617, 0.19740739464759827, 0.21710918843746185], "teacher_difference_rate": [0.09912406653165817, 0.11825081706047058, 0.15042780339717865], "response_bytes_per_second": 737.3832897022961}
{"step": 40, "seen_response_bytes": 37507, "dev_h1": 4.596746717018633, "dev_mean_h": 4.554000211073488, "seconds": 1.3382129278033972, "spike_rate": [0.1829645186662674, 0.1992948055267334, 0.21831901371479034], "teacher_difference_rate": [0.09696972370147705, 0.1159883514046669, 0.14745131134986877], "response_bytes_per_second": 685.9894871190988}
{"step": 41, "seen_response_bytes": 38498, "seconds": 1.3711865381337702, "spike_rate": [0.1843729466199875, 0.20084211230278015, 0.21924488246440887], "teacher_difference_rate": [0.10174228250980377, 0.12122125923633575, 0.15357288718223572], "response_bytes_per_second": 722.7317162468524}
{"step": 42, "seen_response_bytes": 39425, "seconds": 1.295532240998, "spike_rate": [0.1855897605419159, 0.2027035802602768, 0.22032611072063446], "teacher_difference_rate": [0.09920259565114975, 0.1179530993103981, 0.14899416267871857], "response_bytes_per_second": 715.536032731918}
{"step": 43, "seen_response_bytes": 40391, "seconds": 1.305463118944317, "spike_rate": [0.18702755868434906, 0.20439690351486206, 0.22126808762550354], "teacher_difference_rate": [0.10178611427545547, 0.12080533802509308, 0.1523442566394806], "response_bytes_per_second": 739.9672851586729}
{"step": 44, "seen_response_bytes": 41317, "seconds": 1.309837392065674, "spike_rate": [0.1882144957780838, 0.20611225068569183, 0.22224219143390656], "teacher_difference_rate": [0.09937255084514618, 0.11883917450904846, 0.14917421340942383], "response_bytes_per_second": 706.9579824253262}
{"step": 45, "seen_response_bytes": 42161, "seconds": 1.307377987075597, "spike_rate": [0.1888161301612854, 0.20774099230766296, 0.2232431322336197], "teacher_difference_rate": [0.09478244930505753, 0.1132485568523407, 0.14158204197883606], "response_bytes_per_second": 645.5669349978102}
{"step": 46, "seen_response_bytes": 43129, "seconds": 1.2948314431123435, "spike_rate": [0.19050580263137817, 0.20946326851844788, 0.22383099794387817], "teacher_difference_rate": [0.10323145240545273, 0.12342594563961029, 0.1537725180387497], "response_bytes_per_second": 747.5876533189913}
{"step": 47, "seen_response_bytes": 44137, "seconds": 1.295726879965514, "spike_rate": [0.1922215223312378, 0.211309552192688, 0.224655419588089], "teacher_difference_rate": [0.106308713555336, 0.1263306736946106, 0.156996488571167], "response_bytes_per_second": 777.9417218131865}
{"step": 48, "seen_response_bytes": 45099, "seconds": 1.3001615339890122, "spike_rate": [0.1936548352241516, 0.21306711435317993, 0.2254258245229721], "teacher_difference_rate": [0.10450507700443268, 0.1238955482840538, 0.15434297919273376], "response_bytes_per_second": 739.9080613071959}
{"step": 49, "seen_response_bytes": 46016, "seconds": 1.303007423877716, "spike_rate": [0.19504615664482117, 0.21476764976978302, 0.2261500507593155], "teacher_difference_rate": [0.10241629183292389, 0.12201906740665436, 0.1503480076789856], "response_bytes_per_second": 703.7565428990665}
{"step": 50, "seen_response_bytes": 46865, "seconds": 1.286587905138731, "spike_rate": [0.19652464985847473, 0.21662122011184692, 0.22688275575637817], "teacher_difference_rate": [0.09837985783815384, 0.11702130734920502, 0.14402270317077637], "response_bytes_per_second": 659.8849535340948}
{"step": 51, "seen_response_bytes": 47830, "seconds": 1.2984185931272805, "spike_rate": [0.1978546380996704, 0.21823278069496155, 0.22735494375228882], "teacher_difference_rate": [0.10648193955421448, 0.12590034306049347, 0.15444785356521606], "response_bytes_per_second": 743.2117847879614}
{"step": 52, "seen_response_bytes": 48697, "seconds": 1.3126755179837346, "spike_rate": [0.19921875, 0.2200833261013031, 0.22804740071296692], "teacher_difference_rate": [0.10115416347980499, 0.12017448246479034, 0.14623594284057617], "response_bytes_per_second": 660.4831034951495}
{"step": 53, "seen_response_bytes": 49655, "seconds": 1.3125136862508953, "spike_rate": [0.20064285397529602, 0.22167323529720306, 0.2286139726638794], "teacher_difference_rate": [0.10718096792697906, 0.12698492407798767, 0.15476976335048676], "response_bytes_per_second": 729.8971508148314}
{"step": 54, "seen_response_bytes": 50490, "seconds": 1.2999504152685404, "spike_rate": [0.202475905418396, 0.22359147667884827, 0.22912126779556274], "teacher_difference_rate": [0.10013395547866821, 0.11887992173433304, 0.14370940625667572], "response_bytes_per_second": 642.3321922071219}
{"step": 55, "seen_response_bytes": 51496, "seconds": 1.3082951940596104, "spike_rate": [0.2036152184009552, 0.225089892745018, 0.22938647866249084], "teacher_difference_rate": [0.11146728694438934, 0.13178938627243042, 0.15914283692836761], "response_bytes_per_second": 768.9396128395189}
{"step": 56, "seen_response_bytes": 52448, "seconds": 1.2915255818516016, "spike_rate": [0.2050289511680603, 0.22675721347332, 0.22993279993534088], "teacher_difference_rate": [0.10940109938383102, 0.12898102402687073, 0.1552247703075409], "response_bytes_per_second": 737.1127706469126}
{"step": 57, "seen_response_bytes": 53472, "seconds": 1.2867509461939335, "spike_rate": [0.20635314285755157, 0.22830703854560852, 0.230226531624794], "teacher_difference_rate": [0.11352010071277618, 0.1345541626214981, 0.16062432527542114], "response_bytes_per_second": 795.8027954274122}
{"step": 58, "seen_response_bytes": 54376, "seconds": 1.2893459741026163, "spike_rate": [0.20820750296115875, 0.23021642863750458, 0.230787456035614], "teacher_difference_rate": [0.10717109590768814, 0.12636882066726685, 0.1503109335899353], "response_bytes_per_second": 701.1306648156893}
{"step": 59, "seen_response_bytes": 55234, "seconds": 1.3025612770579755, "spike_rate": [0.20887498557567596, 0.23182891309261322, 0.23110826313495636], "teacher_difference_rate": [0.103867307305336, 0.1236199289560318, 0.14545650780200958], "response_bytes_per_second": 658.7022162503695}
{"step": 60, "seen_response_bytes": 56258, "seconds": 1.2887568171136081, "spike_rate": [0.2106640338897705, 0.23338353633880615, 0.23114687204360962], "teacher_difference_rate": [0.11582021415233612, 0.13607379794120789, 0.16060751676559448], "response_bytes_per_second": 794.5641771994065}
{"step": 61, "seen_response_bytes": 57120, "seconds": 1.280903855804354, "spike_rate": [0.211820587515831, 0.23507948219776154, 0.23154297471046448], "teacher_difference_rate": [0.10517160594463348, 0.12491434812545776, 0.14563575387001038], "response_bytes_per_second": 672.9622961894358}
{"step": 62, "seen_response_bytes": 58088, "seconds": 1.294868933968246, "spike_rate": [0.21367889642715454, 0.23661577701568604, 0.23151007294654846], "teacher_difference_rate": [0.11361731588840485, 0.1339719295501709, 0.15670961141586304], "response_bytes_per_second": 747.5660081159521}
{"step": 63, "seen_response_bytes": 59008, "seconds": 1.2853932450525463, "spike_rate": [0.21429671347141266, 0.23809435963630676, 0.2316843867301941], "teacher_difference_rate": [0.11076842993497849, 0.1304597407579422, 0.1518225520849228], "response_bytes_per_second": 715.7342731814269}
{"step": 64, "seen_response_bytes": 59958, "seconds": 1.3218057951889932, "spike_rate": [0.21615099906921387, 0.23978102207183838, 0.23170068860054016], "teacher_difference_rate": [0.11361642181873322, 0.13357660174369812, 0.15447694063186646], "response_bytes_per_second": 718.7137501270888}
{"step": 65, "seen_response_bytes": 60887, "seconds": 1.304938686080277, "spike_rate": [0.217378169298172, 0.24122504889965057, 0.2318471372127533], "teacher_difference_rate": [0.11316226422786713, 0.1321817934513092, 0.152838334441185], "response_bytes_per_second": 711.9108429458041}
{"step": 66, "seen_response_bytes": 61833, "seconds": 1.2927915286272764, "spike_rate": [0.21830320358276367, 0.2425898313522339, 0.2318306416273117], "teacher_difference_rate": [0.1142967939376831, 0.13462267816066742, 0.15423789620399475], "response_bytes_per_second": 731.7498444660217}
{"step": 67, "seen_response_bytes": 62681, "seconds": 1.3062512958422303, "spike_rate": [0.2198638916015625, 0.24435003101825714, 0.23196357488632202], "teacher_difference_rate": [0.10798171907663345, 0.12731987237930298, 0.14541468024253845], "response_bytes_per_second": 649.1859588573544}
{"step": 68, "seen_response_bytes": 63640, "seconds": 1.2962494511157274, "spike_rate": [0.2209731936454773, 0.24561017751693726, 0.23179183900356293], "teacher_difference_rate": [0.11638171970844269, 0.13651320338249207, 0.15556436777114868], "response_bytes_per_second": 739.826735644559}
{"step": 69, "seen_response_bytes": 64664, "seconds": 1.2973863179795444, "spike_rate": [0.22261586785316467, 0.24720054864883423, 0.23177066445350647], "teacher_difference_rate": [0.12096543610095978, 0.14183416962623596, 0.16059550642967224], "response_bytes_per_second": 789.2791729102736}
{"step": 70, "seen_response_bytes": 65633, "seconds": 1.3010115730576217, "spike_rate": [0.2239074409008026, 0.24874582886695862, 0.23187950253486633], "teacher_difference_rate": [0.11839967966079712, 0.1381576508283615, 0.15636064112186432], "response_bytes_per_second": 744.8050579001906}
{"step": 71, "seen_response_bytes": 66651, "seconds": 1.3091096887364984, "spike_rate": [0.22532132267951965, 0.25028151273727417, 0.23190902173519135], "teacher_difference_rate": [0.12157335877418518, 0.14261427521705627, 0.16071008145809174], "response_bytes_per_second": 777.627733381558}
{"step": 72, "seen_response_bytes": 67578, "seconds": 1.2980965818278491, "spike_rate": [0.2266523241996765, 0.25190919637680054, 0.2320549637079239], "teacher_difference_rate": [0.11693666875362396, 0.1366167962551117, 0.15267683565616608], "response_bytes_per_second": 714.1225182911211}
{"step": 73, "seen_response_bytes": 68486, "seconds": 1.300775262992829, "spike_rate": [0.22801969945430756, 0.2533741593360901, 0.2322608232498169], "teacher_difference_rate": [0.11665946245193481, 0.13570906221866608, 0.15114496648311615], "response_bytes_per_second": 698.0452548819769}
{"step": 74, "seen_response_bytes": 69510, "seconds": 1.1377729517407715, "spike_rate": [0.22885540127754211, 0.25456511974334717, 0.23216331005096436], "teacher_difference_rate": [0.12392683327198029, 0.1446542888879776, 0.16069547832012177], "response_bytes_per_second": 900.0038174868712}
{"step": 75, "seen_response_bytes": 70490, "seconds": 0.8774532889947295, "spike_rate": [0.2300325334072113, 0.25595515966415405, 0.23223471641540527], "teacher_difference_rate": [0.12152259051799774, 0.14236590266227722, 0.1574368178844452], "response_bytes_per_second": 1116.868569861713}
{"step": 76, "seen_response_bytes": 71395, "seconds": 0.8656123508699238, "spike_rate": [0.23155507445335388, 0.2575470209121704, 0.23243717849254608], "teacher_difference_rate": [0.11809922754764557, 0.1375676840543747, 0.15082810819149017], "response_bytes_per_second": 1045.5026422514563}
{"step": 77, "seen_response_bytes": 72414, "seconds": 0.875248908996582, "spike_rate": [0.2322855293750763, 0.258520245552063, 0.23232166469097137], "teacher_difference_rate": [0.12515561282634735, 0.14575302600860596, 0.15987344086170197], "response_bytes_per_second": 1164.240240148622}
{"step": 78, "seen_response_bytes": 73430, "seconds": 0.8683590251021087, "spike_rate": [0.23363584280014038, 0.25993210077285767, 0.2323625385761261], "teacher_difference_rate": [0.12603060901165009, 0.14639994502067566, 0.16043417155742645], "response_bytes_per_second": 1170.0229635783776}
{"step": 79, "seen_response_bytes": 74394, "seconds": 0.8548968536779284, "spike_rate": [0.23477958142757416, 0.26109278202056885, 0.2324223667383194], "teacher_difference_rate": [0.12313055992126465, 0.14314711093902588, 0.1562945544719696], "response_bytes_per_second": 1127.6214152066289}
{"step": 80, "seen_response_bytes": 75322, "dev_h1": 4.544265120870561, "dev_mean_h": 4.545359376308073, "seconds": 0.854936296120286, "spike_rate": [0.23615559935569763, 0.26240622997283936, 0.23246121406555176], "teacher_difference_rate": [0.12143775820732117, 0.14081870019435883, 0.15300706028938293], "response_bytes_per_second": 1085.4609919022953}
{"step": 81, "seen_response_bytes": 76328, "seconds": 0.8623998071998358, "spike_rate": [0.23637661337852478, 0.2631952166557312, 0.2322060912847519], "teacher_difference_rate": [0.12709566950798035, 0.1464800089597702, 0.1589585840702057], "response_bytes_per_second": 1166.5123201574293}
{"step": 82, "seen_response_bytes": 77293, "seconds": 0.8505312851630151, "spike_rate": [0.23766255378723145, 0.26443612575531006, 0.23204025626182556], "teacher_difference_rate": [0.12459462881088257, 0.14445848762989044, 0.15549319982528687], "response_bytes_per_second": 1134.5849551143149}
{"step": 83, "seen_response_bytes": 78148, "seconds": 0.8450468387454748, "spike_rate": [0.23809462785720825, 0.2653382420539856, 0.2321157455444336], "teacher_difference_rate": [0.11693011969327927, 0.13519597053527832, 0.1453327238559723], "response_bytes_per_second": 1011.7782361854655}
{"step": 84, "seen_response_bytes": 79122, "seconds": 0.8544632270932198, "spike_rate": [0.23947608470916748, 0.26616060733795166, 0.23165668547153473], "teacher_difference_rate": [0.1267506182193756, 0.14591430127620697, 0.15625837445259094], "response_bytes_per_second": 1139.8969190440528}
{"step": 85, "seen_response_bytes": 80003, "seconds": 0.8186136190779507, "spike_rate": [0.2404577136039734, 0.2671546936035156, 0.231545090675354], "teacher_difference_rate": [0.12059590965509415, 0.13912320137023926, 0.14854711294174194], "response_bytes_per_second": 1076.209800897667}
{"step": 86, "seen_response_bytes": 80838, "seconds": 0.8471785453148186, "spike_rate": [0.24097514152526855, 0.26800256967544556, 0.23149459064006805], "teacher_difference_rate": [0.11725373566150665, 0.13553977012634277, 0.1445423662662506], "response_bytes_per_second": 985.6245824659158}
{"step": 87, "seen_response_bytes": 81740, "seconds": 0.8619134980253875, "spike_rate": [0.242002934217453, 0.2689003348350525, 0.23126226663589478], "teacher_difference_rate": [0.12255604565143585, 0.14165115356445312, 0.15062376856803894], "response_bytes_per_second": 1046.5087297814098}
{"step": 88, "seen_response_bytes": 82442, "seconds": 0.8687463710084558, "spike_rate": [0.2430761158466339, 0.2701057493686676, 0.23143789172172546], "teacher_difference_rate": [0.10681309551000595, 0.1227933019399643, 0.1307714283466339], "response_bytes_per_second": 808.0609294345671}
{"step": 89, "seen_response_bytes": 83328, "seconds": 0.8586847237311304, "spike_rate": [0.2435157150030136, 0.27056556940078735, 0.23122566938400269], "teacher_difference_rate": [0.12328250706195831, 0.14130818843841553, 0.14925989508628845], "response_bytes_per_second": 1031.8105999955142}
{"step": 90, "seen_response_bytes": 84289, "seconds": 0.8466249373741448, "spike_rate": [0.2440478801727295, 0.2712160646915436, 0.23121964931488037], "teacher_difference_rate": [0.12884771823883057, 0.1470562219619751, 0.1562197506427765], "response_bytes_per_second": 1135.0953150288674}
{"step": 91, "seen_response_bytes": 85257, "seconds": 0.8429105649702251, "spike_rate": [0.2445908486843109, 0.27195388078689575, 0.23140528798103333], "teacher_difference_rate": [0.12903821468353271, 0.14839302003383636, 0.1560053676366806], "response_bytes_per_second": 1148.40178807605}
{"step": 92, "seen_response_bytes": 86236, "seconds": 0.8448243197053671, "spike_rate": [0.24526509642601013, 0.2725665867328644, 0.2313794493675232], "teacher_difference_rate": [0.1304538995027542, 0.15004363656044006, 0.1570417582988739], "response_bytes_per_second": 1158.8208070778867}
{"step": 93, "seen_response_bytes": 87198, "seconds": 0.8730506510473788, "spike_rate": [0.24586769938468933, 0.27329275012016296, 0.2316460907459259], "teacher_difference_rate": [0.13000574707984924, 0.1489798128604889, 0.15636847913265228], "response_bytes_per_second": 1101.8833773801218}
{"step": 94, "seen_response_bytes": 88116, "seconds": 0.859477789606899, "spike_rate": [0.24669459462165833, 0.27393999695777893, 0.2319391816854477], "teacher_difference_rate": [0.1275017410516739, 0.14560821652412415, 0.15232042968273163], "response_bytes_per_second": 1068.0904278164853}
{"step": 95, "seen_response_bytes": 89059, "seconds": 0.8720268858596683, "spike_rate": [0.2470322847366333, 0.2743740379810333, 0.23206999897956848], "teacher_difference_rate": [0.13045494258403778, 0.14782434701919556, 0.15483295917510986], "response_bytes_per_second": 1081.3886765318762}
{"step": 96, "seen_response_bytes": 89955, "seconds": 0.8782082078978419, "spike_rate": [0.24788275361061096, 0.27520447969436646, 0.23231981694698334], "teacher_difference_rate": [0.12673155963420868, 0.14433635771274567, 0.15072709321975708], "response_bytes_per_second": 1020.259195874229}
{"step": 97, "seen_response_bytes": 90862, "seconds": 0.865590175613761, "spike_rate": [0.24806982278823853, 0.27556145191192627, 0.2323397696018219], "teacher_difference_rate": [0.12699952721595764, 0.14577095210552216, 0.15082305669784546], "response_bytes_per_second": 1047.8399888918295}
{"step": 98, "seen_response_bytes": 91776, "seconds": 0.8638165649026632, "spike_rate": [0.24892336130142212, 0.2761847972869873, 0.23237767815589905], "teacher_difference_rate": [0.12914606928825378, 0.1475696861743927, 0.15233561396598816], "response_bytes_per_second": 1058.0950136132103}
{"step": 99, "seen_response_bytes": 92800, "seconds": 0.8513378719799221, "spike_rate": [0.24937042593955994, 0.27668532729148865, 0.23228779435157776], "teacher_difference_rate": [0.13747471570968628, 0.15733325481414795, 0.1622348129749298], "response_bytes_per_second": 1202.8126948217687}
{"step": 100, "seen_response_bytes": 93618, "seconds": 0.8466548947617412, "spike_rate": [0.2502877414226532, 0.27740150690078735, 0.23240745067596436], "teacher_difference_rate": [0.12191842496395111, 0.13984204828739166, 0.1438060700893402], "response_bytes_per_second": 966.1551655355338}
{"step": 101, "seen_response_bytes": 94634, "seconds": 0.8658169307745993, "spike_rate": [0.25020071864128113, 0.27738767862319946, 0.2323634922504425], "teacher_difference_rate": [0.13736721873283386, 0.15678749978542328, 0.16145415604114532], "response_bytes_per_second": 1173.4582264301994}
{"step": 102, "seen_response_bytes": 95603, "seconds": 0.8632250488735735, "spike_rate": [0.2509622275829315, 0.2778080701828003, 0.23241841793060303], "teacher_difference_rate": [0.1340266615152359, 0.15358112752437592, 0.1577131152153015], "response_bytes_per_second": 1122.5346174377732}
{"step": 103, "seen_response_bytes": 96521, "seconds": 0.859332028310746, "spike_rate": [0.25159770250320435, 0.2783963680267334, 0.23221246898174286], "teacher_difference_rate": [0.13098767399787903, 0.1500220000743866, 0.15361693501472473], "response_bytes_per_second": 1068.2715990518614}
{"step": 104, "seen_response_bytes": 97490, "seconds": 0.8567551211453974, "spike_rate": [0.2517056465148926, 0.2783711850643158, 0.23220008611679077], "teacher_difference_rate": [0.13629542291164398, 0.15562118589878082, 0.1582539975643158], "response_bytes_per_second": 1131.0116229063706}
{"step": 105, "seen_response_bytes": 98342, "seconds": 0.8384846849367023, "spike_rate": [0.25248393416404724, 0.27886897325515747, 0.23188790678977966], "teacher_difference_rate": [0.12772440910339355, 0.14606961607933044, 0.14796656370162964], "response_bytes_per_second": 1016.1187381309392}
{"step": 106, "seen_response_bytes": 99270, "seconds": 0.8367632790468633, "spike_rate": [0.252501904964447, 0.27858662605285645, 0.23179689049720764], "teacher_difference_rate": [0.13608317077159882, 0.15498390793800354, 0.15569007396697998], "response_bytes_per_second": 1109.035283021815}
{"step": 107, "seen_response_bytes": 100234, "seconds": 0.8410159009508789, "spike_rate": [0.2522512376308441, 0.2778325080871582, 0.2316909283399582], "teacher_difference_rate": [0.13739769160747528, 0.15752020478248596, 0.1585017442703247], "response_bytes_per_second": 1146.2327869307483}
{"step": 108, "seen_response_bytes": 101100, "seconds": 0.8479103101417422, "spike_rate": [0.2529755234718323, 0.27855584025382996, 0.23133796453475952], "teacher_difference_rate": [0.13034763932228088, 0.14945834875106812, 0.15006023645401], "response_bytes_per_second": 1021.3344379020864}
{"step": 109, "seen_response_bytes": 102038, "seconds": 0.842619295231998, "spike_rate": [0.25299742817878723, 0.27808746695518494, 0.23139062523841858], "teacher_difference_rate": [0.13578836619853973, 0.1559077501296997, 0.155705526471138], "response_bytes_per_second": 1113.195490902853}
{"step": 110, "seen_response_bytes": 102966, "seconds": 0.8503995789214969, "spike_rate": [0.2547178566455841, 0.2803839147090912, 0.22978878021240234], "teacher_difference_rate": [0.13701534271240234, 0.15769517421722412, 0.1559140384197235], "response_bytes_per_second": 1091.2517162542795}
{"step": 111, "seen_response_bytes": 103934, "seconds": 0.8797295629046857, "spike_rate": [0.2539290189743042, 0.27904680371284485, 0.23115769028663635], "teacher_difference_rate": [0.1389525830745697, 0.16007372736930847, 0.15836869180202484], "response_bytes_per_second": 1100.3381502877583}
{"step": 112, "seen_response_bytes": 104804, "seconds": 0.8392285848967731, "spike_rate": [0.2540305256843567, 0.27945390343666077, 0.2325352430343628], "teacher_difference_rate": [0.1276816427707672, 0.14563989639282227, 0.14863041043281555], "response_bytes_per_second": 1036.6663095812112}
{"step": 113, "seen_response_bytes": 105622, "seconds": 0.8489971780218184, "spike_rate": [0.2549287974834442, 0.2802472412586212, 0.23304706811904907], "teacher_difference_rate": [0.12207834422588348, 0.13996931910514832, 0.14410501718521118], "response_bytes_per_second": 963.4896571811435}
{"step": 114, "seen_response_bytes": 106567, "seconds": 0.8584759379737079, "spike_rate": [0.2551243305206299, 0.2807289659976959, 0.23334042727947235], "teacher_difference_rate": [0.1317574381828308, 0.15067514777183533, 0.15506091713905334], "response_bytes_per_second": 1100.787987407682}
{"step": 115, "seen_response_bytes": 107447, "seconds": 0.8703643633052707, "spike_rate": [0.25552523136138916, 0.2813270688056946, 0.23355309665203094], "teacher_difference_rate": [0.126632958650589, 0.1451338529586792, 0.14911872148513794], "response_bytes_per_second": 1011.0708079293795}
{"step": 116, "seen_response_bytes": 108333, "seconds": 0.8717285790480673, "spike_rate": [0.2565833032131195, 0.28260451555252075, 0.2337150275707245], "teacher_difference_rate": [0.12744706869125366, 0.1454273760318756, 0.14995905756950378], "response_bytes_per_second": 1016.3714042363016}
{"step": 117, "seen_response_bytes": 109274, "seconds": 0.8466531061567366, "spike_rate": [0.2568579912185669, 0.28304481506347656, 0.23376470804214478], "teacher_difference_rate": [0.13124819099903107, 0.14961248636245728, 0.15440461039543152], "response_bytes_per_second": 1111.4351239689393}
{"step": 118, "seen_response_bytes": 110216, "seconds": 0.8585616098716855, "spike_rate": [0.25713539123535156, 0.28337088227272034, 0.23420922458171844], "teacher_difference_rate": [0.13204726576805115, 0.14999748766422272, 0.1551932990550995], "response_bytes_per_second": 1097.1839285252745}
{"step": 119, "seen_response_bytes": 111139, "seconds": 0.8499055560678244, "spike_rate": [0.2571702003479004, 0.28342312574386597, 0.23456665873527527], "teacher_difference_rate": [0.1297280490398407, 0.14771229028701782, 0.15310436487197876], "response_bytes_per_second": 1086.0030192888191}
{"step": 120, "seen_response_bytes": 112031, "dev_h1": 4.5855915051381855, "dev_mean_h": 4.561116162816479, "seconds": 0.8346918220631778, "spike_rate": [0.2571489214897156, 0.28293532133102417, 0.23501797020435333], "teacher_difference_rate": [0.12723684310913086, 0.14517012238502502, 0.15030014514923096], "response_bytes_per_second": 1068.6578883631191}
